Component: ARM Compiler 5.06 update 7 (build 960) Tool: armlink [4d3601]

==============================================================================

Section Cross References

    startup_stm32f429xx.o(RESET) refers to startup_stm32f429xx.o(STACK) for __initial_sp
    startup_stm32f429xx.o(RESET) refers to startup_stm32f429xx.o(.text) for Reset_Handler
    startup_stm32f429xx.o(RESET) refers to stm32f4xx_it.o(i.NMI_Handler) for NMI_Handler
    startup_stm32f429xx.o(RESET) refers to stm32f4xx_it.o(i.HardFault_Handler) for HardFault_Handler
    startup_stm32f429xx.o(RESET) refers to stm32f4xx_it.o(i.MemManage_Handler) for MemManage_Handler
    startup_stm32f429xx.o(RESET) refers to stm32f4xx_it.o(i.BusFault_Handler) for BusFault_Handler
    startup_stm32f429xx.o(RESET) refers to stm32f4xx_it.o(i.UsageFault_Handler) for UsageFault_Handler
    startup_stm32f429xx.o(RESET) refers to port.o(.emb_text) for SVC_Handler
    startup_stm32f429xx.o(RESET) refers to stm32f4xx_it.o(i.DebugMon_Handler) for DebugMon_Handler
    startup_stm32f429xx.o(RESET) refers to port.o(i.SysTick_Handler) for SysTick_Handler
    startup_stm32f429xx.o(RESET) refers to stm32f4xx_it.o(i.DMA1_Stream1_IRQHandler) for DMA1_Stream1_IRQHandler
    startup_stm32f429xx.o(RESET) refers to stm32f4xx_it.o(i.CAN1_RX0_IRQHandler) for CAN1_RX0_IRQHandler
    startup_stm32f429xx.o(RESET) refers to stm32f4xx_it.o(i.CAN1_RX1_IRQHandler) for CAN1_RX1_IRQHandler
    startup_stm32f429xx.o(RESET) refers to stm32f4xx_it.o(i.USART1_IRQHandler) for USART1_IRQHandler
    startup_stm32f429xx.o(RESET) refers to stm32f4xx_it.o(i.USART3_IRQHandler) for USART3_IRQHandler
    startup_stm32f429xx.o(RESET) refers to stm32f4xx_it.o(i.UART5_IRQHandler) for UART5_IRQHandler
    startup_stm32f429xx.o(RESET) refers to stm32f4xx_it.o(i.TIM7_IRQHandler) for TIM7_IRQHandler
    startup_stm32f429xx.o(RESET) refers to stm32f4xx_it.o(i.CAN2_RX0_IRQHandler) for CAN2_RX0_IRQHandler
    startup_stm32f429xx.o(RESET) refers to stm32f4xx_it.o(i.CAN2_RX1_IRQHandler) for CAN2_RX1_IRQHandler
    startup_stm32f429xx.o(RESET) refers to stm32f4xx_it.o(i.UART7_IRQHandler) for UART7_IRQHandler
    startup_stm32f429xx.o(.text) refers to system_stm32f4xx.o(i.SystemInit) for SystemInit
    startup_stm32f429xx.o(.text) refers to entry.o(.ARM.Collect$$$$00000000) for __main
    main.o(i.HAL_TIM_PeriodElapsedCallback) refers to stm32f4xx_hal.o(i.HAL_IncTick) for HAL_IncTick
    main.o(i.SystemClock_Config) refers to memseta.o(.text) for __aeabi_memclr4
    main.o(i.SystemClock_Config) refers to stm32f4xx_hal_rcc.o(i.HAL_RCC_OscConfig) for HAL_RCC_OscConfig
    main.o(i.SystemClock_Config) refers to stm32f4xx_hal_pwr_ex.o(i.HAL_PWREx_EnableOverDrive) for HAL_PWREx_EnableOverDrive
    main.o(i.SystemClock_Config) refers to stm32f4xx_hal_rcc.o(i.HAL_RCC_ClockConfig) for HAL_RCC_ClockConfig
    main.o(i.main) refers to stm32f4xx_hal.o(i.HAL_Init) for HAL_Init
    main.o(i.main) refers to main.o(i.SystemClock_Config) for SystemClock_Config
    main.o(i.main) refers to gpio.o(i.MX_GPIO_Init) for MX_GPIO_Init
    main.o(i.main) refers to dma.o(i.MX_DMA_Init) for MX_DMA_Init
    main.o(i.main) refers to can.o(i.MX_CAN1_Init) for MX_CAN1_Init
    main.o(i.main) refers to can.o(i.MX_CAN2_Init) for MX_CAN2_Init
    main.o(i.main) refers to usart.o(i.MX_UART7_Init) for MX_UART7_Init
    main.o(i.main) refers to usart.o(i.MX_USART1_UART_Init) for MX_USART1_UART_Init
    main.o(i.main) refers to usart.o(i.MX_USART3_UART_Init) for MX_USART3_UART_Init
    main.o(i.main) refers to usart.o(i.MX_UART5_Init) for MX_UART5_Init
    main.o(i.main) refers to spi.o(i.MX_SPI1_Init) for MX_SPI1_Init
    main.o(i.main) refers to spi.o(i.MX_SPI2_Init) for MX_SPI2_Init
    main.o(i.main) refers to bsp_can.o(i.CAN_Filter_Init) for CAN_Filter_Init
    main.o(i.main) refers to bsp_rc.o(i.dbus_uart_init) for dbus_uart_init
    main.o(i.main) refers to stm32f4xx_hal_uart.o(i.HAL_UART_Receive_IT) for HAL_UART_Receive_IT
    main.o(i.main) refers to freertos.o(i.MX_FREERTOS_Init) for MX_FREERTOS_Init
    main.o(i.main) refers to cmsis_os.o(i.osKernelStart) for osKernelStart
    main.o(i.main) refers to ops_receive.o(.data) for rec
    main.o(i.main) refers to usart.o(.bss) for huart5
    gpio.o(i.MX_GPIO_Init) refers to memseta.o(.text) for __aeabi_memclr4
    gpio.o(i.MX_GPIO_Init) refers to stm32f4xx_hal_gpio.o(i.HAL_GPIO_WritePin) for HAL_GPIO_WritePin
    gpio.o(i.MX_GPIO_Init) refers to stm32f4xx_hal_gpio.o(i.HAL_GPIO_Init) for HAL_GPIO_Init
    freertos.o(i.MX_FREERTOS_Init) refers to cmsis_os.o(i.osSemaphoreCreate) for osSemaphoreCreate
    freertos.o(i.MX_FREERTOS_Init) refers to cmsis_os.o(i.osMessageCreate) for osMessageCreate
    freertos.o(i.MX_FREERTOS_Init) refers to memcpya.o(.text) for __aeabi_memcpy4
    freertos.o(i.MX_FREERTOS_Init) refers to cmsis_os.o(i.osThreadCreate) for osThreadCreate
    freertos.o(i.MX_FREERTOS_Init) refers to freertos.o(.data) for .data
[...]
    __scatterload                            0x080008c5   Thumb Code    28  init.o(.text)
    __scatterload_rt2                        0x080008c5   Thumb Code     0  init.o(.text)
    __decompress                             0x080008e9   Thumb Code     0  __dclz77c.o(.text)
    __decompress2                            0x080008e9   Thumb Code    94  __dclz77c.o(.text)
    BusFault_Handler                         0x08000947   Thumb Code     2  stm32f4xx_it.o(i.BusFault_Handler)
    CAN1_RX0_IRQHandler                      0x08000949   Thumb Code     6  stm32f4xx_it.o(i.CAN1_RX0_IRQHandler)
    CAN1_RX1_IRQHandler                      0x08000955   Thumb Code     6  stm32f4xx_it.o(i.CAN1_RX1_IRQHandler)
    CAN2_RX0_IRQHandler                      0x08000961   Thumb Code     6  stm32f4xx_it.o(i.CAN2_RX0_IRQHandler)
    CAN2_RX1_IRQHandler                      0x0800096d   Thumb Code     6  stm32f4xx_it.o(i.CAN2_RX1_IRQHandler)
    CAN_Filter_Init                          0x08000979   Thumb Code    78  bsp_can.o(i.CAN_Filter_Init)
    CAN_Send_Packet                          0x080009d1   Thumb Code    48  bsp_can.o(i.CAN_Send_Packet)
    CAN_cmd_chassis                          0x08000a05   Thumb Code    60  c620.o(i.CAN_cmd_chassis)
    CAN_cmd_shoot                            0x08000a4d   Thumb Code    78  c620.o(i.CAN_cmd_shoot)
    DEG2R                                    0x08000aa9   Thumb Code    18  user_lib.o(i.DEG2R)
    DMA1_Stream1_IRQHandler                  0x08000ac5   Thumb Code     6  stm32f4xx_it.o(i.DMA1_Stream1_IRQHandler)
    DebugMon_Handler                         0x08000b75   Thumb Code     2  stm32f4xx_it.o(i.DebugMon_Handler)
    Error_Handler                            0x08000b77   Thumb Code     4  main.o(i.Error_Handler)
    HAL_CAN_ActivateNotification             0x08000b7b   Thumb Code    36  stm32f4xx_hal_can.o(i.HAL_CAN_ActivateNotification)
    HAL_CAN_AddTxMessage                     0x08000b9f   Thumb Code   208  stm32f4xx_hal_can.o(i.HAL_CAN_AddTxMessage)
    HAL_CAN_ConfigFilter                     0x08000c71   Thumb Code   262  stm32f4xx_hal_can.o(i.HAL_CAN_ConfigFilter)
    HAL_CAN_ErrorCallback                    0x08000d7d   Thumb Code     2  stm32f4xx_hal_can.o(i.HAL_CAN_ErrorCallback)
    HAL_CAN_GetRxMessage                     0x08000d7f   Thumb Code   244  stm32f4xx_hal_can.o(i.HAL_CAN_GetRxMessage)
    HAL_CAN_GetTxMailboxesFreeLevel          0x08000e73   Thumb Code    44  stm32f4xx_hal_can.o(i.HAL_CAN_GetTxMailboxesFreeLevel)
    HAL_CAN_IRQHandler                       0x08000e9f   Thumb Code   508  stm32f4xx_hal_can.o(i.HAL_CAN_IRQHandler)
    HAL_CAN_Init                             0x0800109b   Thumb Code   282  stm32f4xx_hal_can.o(i.HAL_CAN_Init)
    HAL_CAN_MspInit                          0x080011b5   Thumb Code   260  can.o(i.HAL_CAN_MspInit)
    HAL_CAN_RxFifo0FullCallback              0x080012d1   Thumb Code     2  stm32f4xx_hal_can.o(i.HAL_CAN_RxFifo0FullCallback)
    HAL_CAN_RxFifo0MsgPendingCallback        0x080012d5   Thumb Code   220  c620.o(i.HAL_CAN_RxFifo0MsgPendingCallback)
    HAL_CAN_RxFifo1FullCallback              0x080013c5   Thumb Code     2  stm32f4xx_hal_can.o(i.HAL_CAN_RxFifo1FullCallback)
    HAL_CAN_RxFifo1MsgPendingCallback        0x080013c7   Thumb Code     2  stm32f4xx_hal_can.o(i.HAL_CAN_RxFifo1MsgPendingCallback)
    HAL_CAN_SleepCallback                    0x080013c9   Thumb Code     2  stm32f4xx_hal_can.o(i.HAL_CAN_SleepCallback)
    HAL_CAN_Start                            0x080013cd   Thumb Code    88  stm32f4xx_hal_can.o(i.HAL_CAN_Start)
    HAL_CAN_TxMailbox0AbortCallback          0x08001425   Thumb Code     2  stm32f4xx_hal_can.o(i.HAL_CAN_TxMailbox0AbortCallback)
    HAL_CAN_TxMailbox0CompleteCallback       0x08001427   Thumb Code     2  stm32f4xx_hal_can.o(i.HAL_CAN_TxMailbox0CompleteCallback)
    HAL_CAN_TxMailbox1AbortCallback          0x08001429   Thumb Code     2  stm32f4xx_hal_can.o(i.HAL_CAN_TxMailbox1AbortCallback)
    HAL_CAN_TxMailbox1CompleteCallback       0x0800142b   Thumb Code     2  stm32f4xx_hal_can.o(i.HAL_CAN_TxMailbox1CompleteCallback)
    HAL_CAN_TxMailbox2AbortCallback          0x0800142d   Thumb Code     2  stm32f4xx_hal_can.o(i.HAL_CAN_TxMailbox2AbortCallback)
    HAL_CAN_TxMailbox2CompleteCallback       0x0800142f   Thumb Code     2  stm32f4xx_hal_can.o(i.HAL_CAN_TxMailbox2CompleteCallback)
    HAL_CAN_WakeUpFromRxMsgCallback          0x08001431   Thumb Code     2  stm32f4xx_hal_can.o(i.HAL_CAN_WakeUpFromRxMsgCallback)
    HAL_DMA_Abort                            0x08001433   Thumb Code   146  stm32f4xx_hal_dma.o(i.HAL_DMA_Abort)
    HAL_DMA_Abort_IT                         0x080014c5   Thumb Code    36  stm32f4xx_hal_dma.o(i.HAL_DMA_Abort_IT)
    HAL_DMA_IRQHandler                       0x080014e9   Thumb Code   412  stm32f4xx_hal_dma.o(i.HAL_DMA_IRQHandler)
    HAL_DMA_Init                             0x08001689   Thumb Code   206  stm32f4xx_hal_dma.o(i.HAL_DMA_Init)
    HAL_DMA_Start                            0x0800175d   Thumb Code    70  stm32f4xx_hal_dma.o(i.HAL_DMA_Start)
    HAL_Delay                                0x080017a5   Thumb Code    32  stm32f4xx_hal.o(i.HAL_Delay)
    HAL_GPIO_Init                            0x080017c9   Thumb Code   510  stm32f4xx_hal_gpio.o(i.HAL_GPIO_Init)
    HAL_GPIO_ReadPin                         0x080019fd   Thumb Code    10  stm32f4xx_hal_gpio.o(i.HAL_GPIO_ReadPin)
    HAL_GPIO_WritePin                        0x08001a07   Thumb Code    10  stm32f4xx_hal_gpio.o(i.HAL_GPIO_WritePin)
    HAL_GetTick                              0x08001a11   Thumb Code     6  stm32f4xx_hal.o(i.HAL_GetTick)
    HAL_IncTick                              0x08001a1d   Thumb Code    12  stm32f4xx_hal.o(i.HAL_IncTick)
    HAL_Init                                 0x08001a2d   Thumb Code    48  stm32f4xx_hal.o(i.HAL_Init)
    HAL_InitTick                             0x08001a61   Thumb Code   132  stm32f4xx_hal_timebase_tim.o(i.HAL_InitTick)
    HAL_MspInit                              0x08001af9   Thumb Code    52  stm32f4xx_hal_msp.o(i.HAL_MspInit)
    HAL_NVIC_EnableIRQ                       0x08001b31   Thumb Code    26  stm32f4xx_hal_cortex.o(i.HAL_NVIC_EnableIRQ)
    HAL_NVIC_SetPriority                     0x08001b4d   Thumb Code    60  stm32f4xx_hal_cortex.o(i.HAL_NVIC_SetPriority)
    HAL_NVIC_SetPriorityGrouping             0x08001b8d   Thumb Code    26  stm32f4xx_hal_cortex.o(i.HAL_NVIC_SetPriorityGrouping)
    HAL_PWREx_EnableOverDrive                0x08001bb1   Thumb Code    98  stm32f4xx_hal_pwr_ex.o(i.HAL_PWREx_EnableOverDrive)
    HAL_RCC_ClockConfig                      0x08001c21   Thumb Code   288  stm32f4xx_hal_rcc.o(i.HAL_RCC_ClockConfig)
    HAL_RCC_GetClockConfig                   0x08001d55   Thumb Code    54  stm32f4xx_hal_rcc.o(i.HAL_RCC_GetClockConfig)
    HAL_RCC_GetPCLK1Freq                     0x08001d95   Thumb Code    20  stm32f4xx_hal_rcc.o(i.HAL_RCC_GetPCLK1Freq)
    HAL_RCC_GetPCLK2Freq                     0x08001db5   Thumb Code    20  stm32f4xx_hal_rcc.o(i.HAL_RCC_GetPCLK2Freq)
    HAL_RCC_GetSysClockFreq                  0x08001dd5   Thumb Code    88  stm32f4xx_hal_rcc.o(i.HAL_RCC_GetSysClockFreq)
    HAL_RCC_OscConfig                        0x08001e35   Thumb Code   856  stm32f4xx_hal_rcc.o(i.HAL_RCC_OscConfig)
    HAL_SPI_Init                             0x080021a1   Thumb Code   188  stm32f4xx_hal_spi.o(i.HAL_SPI_Init)
    HAL_SPI_MspInit                          0x0800225d   Thumb Code   184  spi.o(i.HAL_SPI_MspInit)
    HAL_SPI_TransmitReceive                  0x0800232d   Thumb Code   494  stm32f4xx_hal_spi.o(i.HAL_SPI_TransmitReceive)
    HAL_TIMEx_BreakCallback                  0x0800251b   Thumb Code     2  stm32f4xx_hal_tim_ex.o(i.HAL_TIMEx_BreakCallback)
    HAL_TIMEx_CommutCallback                 0x0800251d   Thumb Code     2  stm32f4xx_hal_tim_ex.o(i.HAL_TIMEx_CommutCallback)
    HAL_TIM_Base_Init                        0x0800251f   Thumb Code    90  stm32f4xx_hal_tim.o(i.HAL_TIM_Base_Init)
    HAL_TIM_Base_MspInit                     0x08002579   Thumb Code     2  stm32f4xx_hal_tim.o(i.HAL_TIM_Base_MspInit)
    HAL_TIM_Base_Start_IT                    0x0800257d   Thumb Code   100  stm32f4xx_hal_tim.o(i.HAL_TIM_Base_Start_IT)
    HAL_TIM_IC_CaptureCallback               0x080025fd   Thumb Code     2  stm32f4xx_hal_tim.o(i.HAL_TIM_IC_CaptureCallback)
    HAL_TIM_IRQHandler                       0x080025ff   Thumb Code   304  stm32f4xx_hal_tim.o(i.HAL_TIM_IRQHandler)
    HAL_TIM_OC_DelayElapsedCallback          0x0800272f   Thumb Code     2  stm32f4xx_hal_tim.o(i.HAL_TIM_OC_DelayElapsedCallback)
    HAL_TIM_PWM_PulseFinishedCallback        0x08002731   Thumb Code     2  stm32f4xx_hal_tim.o(i.HAL_TIM_PWM_PulseFinishedCallback)
    HAL_TIM_PeriodElapsedCallback            0x08002735   Thumb Code    14  main.o(i.HAL_TIM_PeriodElapsedCallback)
    HAL_TIM_TriggerCallback                  0x08002749   Thumb Code     2  stm32f4xx_hal_tim.o(i.HAL_TIM_TriggerCallback)
    HAL_UARTEx_RxEventCallback               0x0800274b   Thumb Code     2  stm32f4xx_hal_uart.o(i.HAL_UARTEx_RxEventCallback)
    HAL_UART_ErrorCallback                   0x0800274d   Thumb Code     2  stm32f4xx_hal_uart.o(i.HAL_UART_ErrorCallback)
    HAL_UART_IRQHandler                      0x08002751   Thumb Code   618  stm32f4xx_hal_uart.o(i.HAL_UART_IRQHandler)
    HAL_UART_Init                            0x080029c1   Thumb Code   100  stm32f4xx_hal_uart.o(i.HAL_UART_Init)
    HAL_UART_MspInit                         0x08002a25   Thumb Code   472  usart.o(i.HAL_UART_MspInit)
    HAL_UART_Receive_IT                      0x08002c2d   Thumb Code    28  stm32f4xx_hal_uart.o(i.HAL_UART_Receive_IT)
    HAL_UART_RxCpltCallback                  0x08002c49   Thumb Code    62  ops_receive.o(i.HAL_UART_RxCpltCallback)
    HAL_UART_Transmit                        0x08002ca5   Thumb Code   160  stm32f4xx_hal_uart.o(i.HAL_UART_Transmit)
    HAL_UART_TxCpltCallback                  0x08002d45   Thumb Code     2  stm32f4xx_hal_uart.o(i.HAL_UART_TxCpltCallback)
    HardFault_Handler                        0x08002d47   Thumb Code     2  stm32f4xx_it.o(i.HardFault_Handler)
    MX_CAN1_Init                             0x08002d49   Thumb Code    58  can.o(i.MX_CAN1_Init)
    MX_CAN2_Init                             0x08002d8d   Thumb Code    58  can.o(i.MX_CAN2_Init)
    MX_DMA_Init                              0x08002dd1   Thumb Code    40  dma.o(i.MX_DMA_Init)
    MX_FREERTOS_Init                         0x08002dfd   Thumb Code   342  freertos.o(i.MX_FREERTOS_Init)
    MX_GPIO_Init                             0x08002f61   Thumb Code   282  gpio.o(i.MX_GPIO_Init)
    MX_SPI1_Init                             0x08003091   Thumb Code    62  spi.o(i.MX_SPI1_Init)
    MX_SPI2_Init                             0x080030d9   Thumb Code    62  spi.o(i.MX_SPI2_Init)
    MX_UART5_Init                            0x08003121   Thumb Code    48  usart.o(i.MX_UART5_Init)
    MX_UART7_Init                            0x08003159   Thumb Code    48  usart.o(i.MX_UART7_Init)
    MX_USART1_UART_Init                      0x08003191   Thumb Code    48  usart.o(i.MX_USART1_UART_Init)
    MX_USART3_UART_Init                      0x080031c9   Thumb Code    48  usart.o(i.MX_USART3_UART_Init)
    MemManage_Handler                        0x08003201   Thumb Code     2  stm32f4xx_it.o(i.MemManage_Handler)
    NMI_Handler                              0x08003203   Thumb Code     2  stm32f4xx_it.o(i.NMI_Handler)
    NRF24L01ChipEnablef                      0x08003207   Thumb Code    20  nrf24l01function.o(i.NRF24L01ChipEnablef)
    NRF24L01ChipSelectf                      0x0800321b   Thumb Code    20  nrf24l01function.o(i.NRF24L01ChipSelectf)
    NRF24L01GetIRQf                          0x0800322f   Thumb Code    10  nrf24l01function.o(i.NRF24L01GetIRQf)
    NRF24L01Initialization                   0x08003239   Thumb Code   188  nrf24l01function.o(i.NRF24L01Initialization)
    NRF24L01ReadWrite                        0x08003373   Thumb Code    36  nrf24l01function.o(i.NRF24L01ReadWrite)
    NRF24L01ReceivePacket                    0x08003399   Thumb Code    70  nrf24l01function.o(i.NRF24L01ReceivePacket)
    SetNRF24L01Mode                          0x08003575   Thumb Code   268  nrf24l01function.o(i.SetNRF24L01Mode)
    Set_TX_Param                             0x08003685   Thumb Code    20  can_odrive.o(i.Set_TX_Param)
    StartDefaultTask                         0x0800369d   Thumb Code     8  freertos.o(i.StartDefaultTask)
    SysTick_Handler                          0x080036c5   Thumb Code    38  port.o(i.SysTick_Handler)
    SystemClock_Config                       0x080036f1   Thumb Code   150  main.o(i.SystemClock_Config)
    SystemInit                               0x08003791   Thumb Code    12  system_stm32f4xx.o(i.SystemInit)
    TIM7_IRQHandler                          0x080037a1   Thumb Code     6  stm32f4xx_it.o(i.TIM7_IRQHandler)
    TIM_Base_SetConfig                       0x080037ad   Thumb Code   170  stm32f4xx_hal_tim.o(i.TIM_Base_SetConfig)
    UART5_IRQHandler                         0x08003885   Thumb Code     6  stm32f4xx_it.o(i.UART5_IRQHandler)
    UART7_IRQHandler                         0x08003891   Thumb Code     6  stm32f4xx_it.o(i.UART7_IRQHandler)
    UART_Start_Receive_IT                    0x08003ac9   Thumb Code    54  stm32f4xx_hal_uart.o(i.UART_Start_Receive_IT)
    USART1_IRQHandler                        0x08003b71   Thumb Code     6  stm32f4xx_it.o(i.USART1_IRQHandler)
    USART3_IRQHandler                        0x08003b7d   Thumb Code    18  stm32f4xx_it.o(i.USART3_IRQHandler)
    Update_X                                 0x08003b95   Thumb Code    58  ops_receive.o(i.Update_X)
    Update_Y                                 0x08003bdd   Thumb Code    58  ops_receive.o(i.Update_Y)
    UsageFault_Handler                       0x08003c25   Thumb Code     2  stm32f4xx_it.o(i.UsageFault_Handler)
    __ARM_fpclassify                         0x08003c27   Thumb Code    48  fpclassify.o(i.__ARM_fpclassify)
    __hardfp_cos                             0x08003c79   Thumb Code   180  cos.o(i.__hardfp_cos)
    __hardfp_sin                             0x08003d41   Thumb Code   180  sin.o(i.__hardfp_sin)
    __ieee754_rem_pio2                       0x08003e09   Thumb Code   938  rred.o(i.__ieee754_rem_pio2)
    __kernel_cos                             0x08004241   Thumb Code   322  cos_i.o(i.__kernel_cos)
    __kernel_poly                            0x080043b1   Thumb Code   248  poly.o(i.__kernel_poly)
    __kernel_sin                             0x080044a9   Thumb Code   280  sin_i.o(i.__kernel_sin)
    __mathlib_dbl_infnan                     0x080045d9   Thumb Code    20  dunder.o(i.__mathlib_dbl_infnan)
    __mathlib_dbl_invalid                    0x080045f1   Thumb Code    24  dunder.o(i.__mathlib_dbl_invalid)
    __mathlib_dbl_underflow                  0x08004611   Thumb Code    24  dunder.o(i.__mathlib_dbl_underflow)
    __scatterload_copy                       0x08004631   Thumb Code    14  handlers.o(i.__scatterload_copy)
    __scatterload_null                       0x0800463f   Thumb Code     2  handlers.o(i.__scatterload_null)
    __scatterload_zeroinit                   0x08004641   Thumb Code    14  handlers.o(i.__scatterload_zeroinit)
    __set_errno                              0x08004651   Thumb Code     6  errno.o(i.__set_errno)
    chassis_auto_position                    0x08004a85   Thumb Code   128  chassis_task.o(i.chassis_auto_position)
    chassis_run                              0x08005151   Thumb Code   130  motor_task.o(i.chassis_run)
    chassis_task                             0x0800548d   Thumb Code   102  chassis_task.o(i.chassis_task)
    chassis_zone2_adjust                     0x080054fd   Thumb Code   172  chassis_task.o(i.chassis_zone2_adjust)
    ctrl_motor                               0x080055ed   Thumb Code   184  can_damiao.o(i.ctrl_motor)
    ctrl_motor_in                            0x080056c1   Thumb Code    62  can_damiao.o(i.ctrl_motor_in)
    ctrl_motor_zero                          0x0800570d   Thumb Code    62  can_damiao.o(i.ctrl_motor_zero)
    dbus_uart_init                           0x08005759   Thumb Code    74  bsp_rc.o(i.dbus_uart_init)
    dt35_data_parsing                        0x080057ad   Thumb Code   280  dt35.o(i.dt35_data_parsing)
    dt35_read                                0x080058ed   Thumb Code     6  dt35.o(i.dt35_read)
    dt35_send                                0x080058f5   Thumb Code    44  dt35.o(i.dt35_send)
    fabs                                     0x0800592d   Thumb Code    24  fabs.o(i.fabs)
    first_order_filter_cali                  0x08005945   Thumb Code    78  user_lib.o(i.first_order_filter_cali)
    first_order_filter_init                  0x08005993   Thumb Code    18  user_lib.o(i.first_order_filter_init)
    float_to_uint                            0x080059a5   Thumb Code    40  can_damiao.o(i.float_to_uint)
    get_left                                 0x080059cd   Thumb Code    80  plant_task.o(i.get_left)
    get_remote_control_point                 0x08005a21   Thumb Code     4  bsp_rc.o(i.get_remote_control_point)
    get_right                                0x08005a29   Thumb Code    82  plant_task.o(i.get_right)
    get_single                               0x08005a81   Thumb Code    58  plant_task.o(i.get_single)
    get_total_angle                          0x08005ac1   Thumb Code    76  c620.o(i.get_total_angle)
    get_total_yaw                            0x08005b0d   Thumb Code   112  ops_receive.o(i.get_total_yaw)
    main                                     0x08005b81   Thumb Code    76  main.o(i.main)
    motor_task                               0x08005be1   Thumb Code    38  motor_task.o(i.motor_task)
    move_servo_lsc                           0x08005c11   Thumb Code    72  servo.o(i.move_servo_lsc)
    odrv_Set_Input_Vel                       0x08005c61   Thumb Code    66  can_odrive.o(i.odrv_Set_Input_Vel)
    odrv_get_axis_status                     0x08005cad   Thumb Code   184  can_odrive.o(i.odrv_get_axis_status)
    ops_data_analyse                         0x08005d69   Thumb Code   154  ops_receive.o(i.ops_data_analyse)
    osDelay                                  0x08005e0d   Thumb Code    14  cmsis_os.o(i.osDelay)
    osKernelStart                            0x08005e1b   Thumb Code    10  cmsis_os.o(i.osKernelStart)
    osMessageCreate                          0x08005e25   Thumb Code    38  cmsis_os.o(i.osMessageCreate)
    osSemaphoreCreate                        0x08005e4b   Thumb Code    62  cmsis_os.o(i.osSemaphoreCreate)
    osThreadCreate                           0x08005e89   Thumb Code    84  cmsis_os.o(i.osThreadCreate)
    path_flow_positon                        0x08005edd   Thumb Code   320  path.o(i.path_flow_positon)
    pid_init                                 0x080061e9   Thumb Code    14  pid.o(i.pid_init)
    plant_task                               0x080064cd   Thumb Code   106  plant_task.o(i.plant_task)
    put_center_left                          0x080069dd   Thumb Code    56  plant_task.o(i.put_center_left)
    put_center_left_red                      0x08006a19   Thumb Code    56  plant_task.o(i.put_center_left_red)
    put_center_right                         0x08006a55   Thumb Code    58  plant_task.o(i.put_center_right)
    put_center_right_red                     0x08006a95   Thumb Code    58  plant_task.o(i.put_center_right_red)
    put_sides_left                           0x08006ad5   Thumb Code    68  plant_task.o(i.put_sides_left)
    put_sides_left_red                       0x08006b1d   Thumb Code    68  plant_task.o(i.put_sides_left_red)
    put_sides_right                          0x08006b65   Thumb Code    70  plant_task.o(i.put_sides_right)
    put_sides_right_red                      0x08006bb1   Thumb Code    70  plant_task.o(i.put_sides_right_red)
    put_single                               0x08006bfd   Thumb Code    58  plant_task.o(i.put_single)
    pvPortMalloc                             0x08006c3d   Thumb Code   216  heap_4.o(i.pvPortMalloc)
    pxPortInitialiseStack                    0x08006d19   Thumb Code    40  port.o(i.pxPortInitialiseStack)
    rc_callback_handler                      0x08006d45   Thumb Code   174  bsp_rc.o(i.rc_callback_handler)
    remote_task                              0x08006df5   Thumb Code   188  remote_task.o(i.remote_task)
    robot_task                               0x08006ed9   Thumb Code   154  robot_task.o(i.robot_task)
    servo_init_lsc                           0x08006f91   Thumb Code     8  servo.o(i.servo_init_lsc)
    shoot_cmd                                0x08006f99   Thumb Code   122  motor_task.o(i.shoot_cmd)
    shoot_init                               0x0800727d   Thumb Code   358  shoot_task.o(i.shoot_init)
    shoot_task                               0x0800748d   Thumb Code    28  shoot_task.o(i.shoot_task)
    shoot_turn                               0x080074ad   Thumb Code    22  shoot_task.o(i.shoot_turn)
    shoot_vel                                0x080074cd   Thumb Code   122  shoot_task.o(i.shoot_vel)
    uart_receive_handler                     0x08007551   Thumb Code    86  bsp_rc.o(i.uart_receive_handler)
    usart_init                               0x080075b1   Thumb Code    10  dt35.o(i.usart_init)
    uxListRemove                             0x080075c5   Thumb Code    38  list.o(i.uxListRemove)
    uxTaskGetStackHighWaterMark              0x080075ed   Thumb Code    28  tasks.o(i.uxTaskGetStackHighWaterMark)
    vApplicationGetIdleTaskMemory            0x0800760d   Thumb Code    16  freertos.o(i.vApplicationGetIdleTaskMemory)
    vListInitialise                          0x08007621   Thumb Code    22  list.o(i.vListInitialise)
    vListInitialiseItem                      0x08007637   Thumb Code     6  list.o(i.vListInitialiseItem)
    vListInsert                              0x0800763d   Thumb Code    48  list.o(i.vListInsert)
    vListInsertEnd                           0x0800766d   Thumb Code    24  list.o(i.vListInsertEnd)
    vPortEnterCritical                       0x08007685   Thumb Code    54  port.o(i.vPortEnterCritical)
    vPortExitCritical                        0x080076c5   Thumb Code    34  port.o(i.vPortExitCritical)
    vPortFree                                0x080076ed   Thumb Code    94  heap_4.o(i.vPortFree)
    vPortSetupTimerInterrupt                 0x08007751   Thumb Code    32  port.o(i.vPortSetupTimerInterrupt)
    vTaskDelay                               0x08007775   Thumb Code    66  tasks.o(i.vTaskDelay)
    vTaskInternalSetTimeOutState             0x080077c1   Thumb Code    12  tasks.o(i.vTaskInternalSetTimeOutState)
    vTaskMissedYield                         0x080077d1   Thumb Code     8  tasks.o(i.vTaskMissedYield)
    vTaskPlaceOnEventList                    0x080077dd   Thumb Code    44  tasks.o(i.vTaskPlaceOnEventList)
    vTaskStartScheduler                      0x0800780d   Thumb Code    90  tasks.o(i.vTaskStartScheduler)
    vTaskSuspendAll                          0x08007879   Thumb Code    10  tasks.o(i.vTaskSuspendAll)
    vTaskSwitchContext                       0x08007889   Thumb Code    82  tasks.o(i.vTaskSwitchContext)
    xPortStartScheduler                      0x080078e5   Thumb Code   222  port.o(i.xPortStartScheduler)
    xQueueGenericCreate                      0x080079d9   Thumb Code    66  queue.o(i.xQueueGenericCreate)
    xQueueGenericCreateStatic                0x08007a1b   Thumb Code   102  queue.o(i.xQueueGenericCreateStatic)
    xQueueGenericReset                       0x08007a81   Thumb Code   132  queue.o(i.xQueueGenericReset)
    xQueueGenericSend                        0x08007b09   Thumb Code   346  queue.o(i.xQueueGenericSend)
    xQueueReceive                            0x08007c69   Thumb Code   308  queue.o(i.xQueueReceive)
    xTaskCheckForTimeOut                     0x08007da1   Thumb Code   112  tasks.o(i.xTaskCheckForTimeOut)
    xTaskCreate                              0x08007e15   Thumb Code    90  tasks.o(i.xTaskCreate)
    xTaskCreateStatic                        0x08007e6f   Thumb Code    86  tasks.o(i.xTaskCreateStatic)
    xTaskGetSchedulerState                   0x08007ec5   Thumb Code    22  tasks.o(i.xTaskGetSchedulerState)
    xTaskIncrementTick                       0x08007ee1   Thumb Code   194  tasks.o(i.xTaskIncrementTick)
    xTaskPriorityDisinherit                  0x08007fad   Thumb Code   144  tasks.o(i.xTaskPriorityDisinherit)
    xTaskRemoveFromEventList                 0x08008045   Thumb Code   108  tasks.o(i.xTaskRemoveFromEventList)
    xTaskResumeAll                           0x080080b9   Thumb Code   182  tasks.o(i.xTaskResumeAll)
    AHBPrescTable                            0x080082a8   Data          16  system_stm32f4xx.o(.constdata)
    APBPrescTable                            0x080082b8   Data           8  system_stm32f4xx.o(.constdata)
    TX_ADDRESS                               0x080082d8   Data           5  nrf24l01function.o(.constdata)
    RX_ADDRESS                               0x080082dd   Data           5  nrf24l01function.o(.constdata)
    Region$$Table$$Base                      0x08008464   Number         0  anon$$obj.o(Region$$Table)
    Region$$Table$$Limit                     0x08008484   Number         0  anon$$obj.o(Region$$Table)
    defaultTaskHandle                        0x20000000   Data           4  freertos.o(.data)
    ChassisTaskHandle                        0x20000004   Data           4  freertos.o(.data)
    MotorTaskHandle                          0x20000008   Data           4  freertos.o(.data)
    PlantTaskHandle                          0x2000000c   Data           4  freertos.o(.data)
    ShootTaskHandle                          0x20000010   Data           4  freertos.o(.data)
    RobotTaskHandle                          0x20000014   Data           4  freertos.o(.data)
    remoteTaskHandle                         0x20000018   Data           4  freertos.o(.data)
    RobotToChassisHandle                     0x2000001c   Data           4  freertos.o(.data)
    RobotToPlantHandle                       0x20000020   Data           4  freertos.o(.data)
    ChassisToRobotHandle                     0x20000024   Data           4  freertos.o(.data)
    PlantToRobotHandle                       0x20000028   Data           4  freertos.o(.data)
    RobotToShootHandle                       0x2000002c   Data           4  freertos.o(.data)
    ShootToRobotHandle                       0x20000030   Data           4  freertos.o(.data)
    RobotChassisSemphoreHandle               0x20000034   Data           4  freertos.o(.data)
    RobotPlantSemphoreHandle                 0x20000038   Data           4  freertos.o(.data)
    uwTickFreq                               0x20000040   Data           1  stm32f4xx_hal.o(.data)
    uwTickPrio                               0x20000044   Data           4  stm32f4xx_hal.o(.data)
    uwTick                                   0x20000048   Data           4  stm32f4xx_hal.o(.data)
    SystemCoreClock                          0x2000004c   Data           4  system_stm32f4xx.o(.data)
    pxCurrentTCB                             0x20000050   Data           4  tasks.o(.data)
    rec                                      0x200000cf   Data           1  ops_receive.o(.data)
    tx_data                                  0x200000e0   Data           8  dt35.o(.data)
    status                                   0x200000e8   Data           1  nrf24l01function.o(.data)
    robot_test1                              0x200000ec   Data           4  robot_task.o(.data)
    robot_test2                              0x200000f0   Data           4  robot_task.o(.data)
    chassis_test13                           0x200000f4   Data           1  chassis_task.o(.data)
    ave_speed                                0x200000f6   Data           2  chassis_task.o(.data)
    chassis_test1                            0x200000f8   Data           4  chassis_task.o(.data)
    chassis_test2                            0x200000fc   Data           4  chassis_task.o(.data)
    chassis_test3                            0x20000100   Data           4  chassis_task.o(.data)
    chassis_test4                            0x20000104   Data           4  chassis_task.o(.data)
    chassis_test5                            0x20000108   Data           4  chassis_task.o(.data)
    chassis_test6                            0x2000010c   Data           4  chassis_task.o(.data)
    chassis_test7                            0x20000110   Data           4  chassis_task.o(.data)
    chassis_test8                            0x20000114   Data           4  chassis_task.o(.data)
    chassis_test9                            0x20000118   Data           4  chassis_task.o(.data)
    chassis_test10                           0x2000011c   Data           4  chassis_task.o(.data)
    chassis_test11                           0x20000120   Data           4  chassis_task.o(.data)
    chassis_test12                           0x20000124   Data           4  chassis_task.o(.data)
    chassis_high_water                       0x2000012c   Data           4  chassis_task.o(.data)
    plant_test                               0x20000134   Data           4  plant_task.o(.data)
    odrive_vel                               0x20000140   Data           4  shoot_task.o(.data)
    odrive_vel2                              0x20000144   Data           4  shoot_task.o(.data)
    get_seedling1_path                       0x20000148   Data          64  path.o(.data)
    get_seedling2_path                       0x20000188   Data          64  path.o(.data)
    put_seedling1_path                       0x200001c8   Data          48  path.o(.data)
    put_seedling2_path                       0x200001f8   Data          48  path.o(.data)
    put_seedling3_path                       0x20000228   Data          48  path.o(.data)
    put_seedling4_path                       0x20000258   Data          48  path.o(.data)
    get_seedling3_path                       0x20000288   Data          32  path.o(.data)
    get_seedling4_path                       0x200002a8   Data          64  path.o(.data)
    put_seedling5_path                       0x200002e8   Data          32  path.o(.data)
    put_seedling6_path                       0x20000308   Data          48  path.o(.data)
    put_seedling7_path                       0x20000338   Data          48  path.o(.data)
    put_seedling8_path                       0x20000368   Data          48  path.o(.data)
    goto_zone2                               0x20000398   Data          64  path.o(.data)
    get_ball1                                0x200003d8   Data          32  path.o(.data)
    get_ball2                                0x200003f8   Data          32  path.o(.data)
    get_ball3                                0x20000418   Data          32  path.o(.data)
    get_ball4                                0x20000438   Data          32  path.o(.data)
    get_ball5                                0x20000458   Data          32  path.o(.data)
    get_ball6                                0x20000478   Data          32  path.o(.data)
    get_ball7                                0x20000498   Data          32  path.o(.data)
    get_ball8                                0x200004b8   Data          32  path.o(.data)
    get_ball9                                0x200004d8   Data          32  path.o(.data)
    get_ball10                               0x200004f8   Data          32  path.o(.data)
    get_ball11                               0x20000518   Data          32  path.o(.data)
    get_ball12                               0x20000538   Data          32  path.o(.data)
    shoot_ball1                              0x20000558   Data          16  path.o(.data)
    shoot_ball2                              0x20000568   Data          16  path.o(.data)
    shoot_ball3                              0x20000578   Data          16  path.o(.data)
    shoot_ball4                              0x20000588   Data          16  path.o(.data)
    shoot_ball5                              0x20000598   Data          16  path.o(.data)
    shoot_ball6                              0x200005a8   Data          16  path.o(.data)
    shoot_ball7                              0x200005b8   Data          32  path.o(.data)
    shoot_ball8                              0x200005d8   Data          32  path.o(.data)
    shoot_ball9                              0x200005f8   Data          32  path.o(.data)
    shoot_ball10                             0x20000618   Data          32  path.o(.data)
    shoot_ball11                             0x20000638   Data          32  path.o(.data)
    shoot_ball12                             0x20000658   Data          32  path.o(.data)
    get_seedling1_path_red                   0x20000678   Data          64  path.o(.data)
    get_seedling2_path_red                   0x200006b8   Data          64  path.o(.data)
    put_seedling1_path_red                   0x200006f8   Data          48  path.o(.data)
    put_seedling2_path_red                   0x20000728   Data          48  path.o(.data)
    put_seedling3_path_red                   0x20000758   Data          48  path.o(.data)
    put_seedling4_path_red                   0x20000788   Data          48  path.o(.data)
    get_seedling3_path_red                   0x200007b8   Data          32  path.o(.data)
    get_seedling4_path_red                   0x200007d8   Data          64  path.o(.data)
    put_seedling5_path_red                   0x20000818   Data          32  path.o(.data)
    put_seedling6_path_red                   0x20000838   Data          48  path.o(.data)
    put_seedling7_path_red                   0x20000868   Data          48  path.o(.data)
    put_seedling8_path_red                   0x20000898   Data          48  path.o(.data)
    goto_zone2_red                           0x200008c8   Data          64  path.o(.data)
    get_ball1_red                            0x20000908   Data          32  path.o(.data)
    get_ball2_red                            0x20000928   Data          32  path.o(.data)
    get_ball3_red                            0x20000948   Data          32  path.o(.data)
    get_ball4_red                            0x20000968   Data          32  path.o(.data)
    get_ball5_red                            0x20000988   Data          32  path.o(.data)
    get_ball6_red                            0x200009a8   Data          32  path.o(.data)
    get_ball7_red                            0x200009c8   Data          32  path.o(.data)
    get_ball8_red                            0x200009e8   Data          32  path.o(.data)
    get_ball9_red                            0x20000a08   Data          32  path.o(.data)
    get_ball10_red                           0x20000a28   Data          32  path.o(.data)
    get_ball11_red                           0x20000a48   Data          32  path.o(.data)
    get_ball12_red                           0x20000a68   Data          32  path.o(.data)
    shoot_ball1_red                          0x20000a88   Data          16  path.o(.data)
    shoot_ball2_red                          0x20000a98   Data          16  path.o(.data)
    shoot_ball3_red                          0x20000aa8   Data          16  path.o(.data)
    shoot_ball4_red                          0x20000ab8   Data          16  path.o(.data)
    shoot_ball5_red                          0x20000ac8   Data          16  path.o(.data)
    shoot_ball6_red                          0x20000ad8   Data          16  path.o(.data)
    shoot_ball7_red                          0x20000ae8   Data          32  path.o(.data)
    shoot_ball8_red                          0x20000b08   Data          32  path.o(.data)
    shoot_ball9_red                          0x20000b28   Data          32  path.o(.data)
    shoot_ball10_red                         0x20000b48   Data          32  path.o(.data)
    shoot_ball11_red                         0x20000b68   Data          32  path.o(.data)
    shoot_ball12_red                         0x20000b88   Data          32  path.o(.data)
    test                                     0x20000ba8   Data           1  remote_task.o(.data)
    test1                                    0x20000ba9   Data           1  remote_task.o(.data)
    bsp_rx_nrf24l01                          0x20000bac   Data          28  remote_task.o(.data)
    bsp_tx_nrf24l01                          0x20000bc8   Data          28  remote_task.o(.data)
    hcan1                                    0x20000e3c   Data          40  can.o(.bss)
    hcan2                                    0x20000e64   Data          40  can.o(.bss)
    hspi1                                    0x20000e8c   Data          88  spi.o(.bss)
    hspi2                                    0x20000ee4   Data          88  spi.o(.bss)
    huart5                                   0x20000f3c   Data          72  usart.o(.bss)
    huart7                                   0x20000f84   Data          72  usart.o(.bss)
    huart1                                   0x20000fcc   Data          72  usart.o(.bss)
    huart3                                   0x20001014   Data          72  usart.o(.bss)
    hdma_usart3_rx                           0x2000105c   Data          96  usart.o(.bss)
    htim7                                    0x200010bc   Data          72  stm32f4xx_hal_timebase_tim.o(.bss)
    dbus_buf                                 0x20004e0c   Data          18  bsp_rc.o(.bss)
    rc                                       0x20004e1e   Data          18  bsp_rc.o(.bss)
    motor_chassis                            0x20004e48   Data          64  c620.o(.bss)
    motor_plant                              0x20004e88   Data          32  c620.o(.bss)
    motor_shoot                              0x20004ea8   Data          32  c620.o(.bss)
    TX                                       0x20004ee0   Data          28  can_odrive.o(.bss)
    RX                                       0x20004efc   Data          56  can_odrive.o(.bss)
    send_data                                0x20004f4c   Data          10  servo.o(.bss)
    current_data                             0x20004f58   Data          16  dt35.o(.bss)
    rx_buff_data                             0x20004f68   Data          28  dt35.o(.bss)
    dt35                                     0x20004f84   Data          48  dt35.o(.bss)
    chassis_move                             0x20004fb4   Data        1040  chassis_task.o(.bss)
    plant                                    0x200053c4   Data          68  plant_task.o(.bss)
    odrive_friction                          0x20005408   Data         132  shoot_task.o(.bss)
    shoot                                    0x2000548c   Data         412  shoot_task.o(.bss)
    robot_status                             0x20005628   Data          32  remote_task.o(.bss)
    rc_info                                  0x20005648   Data          16  remote_task.o(.bss)
    rx_nrf24l01                              0x20005658   Data          56  remote_task.o(.bss)
    tx_nrf24l01                              0x20005690   Data          56  remote_task.o(.bss)
    __initial_sp                             0x20005ac8   Data           0  startup_stm32f429xx.o(STACK)



==============================================================================

Memory Map of the image

  Image Entry point : 0x080001ad

  Load Region LR_IROM1 (Base: 0x08000000, Size: 0x0000906c, Max: 0x00080000, ABSOLUTE, COMPRESSED[0x000087fc])

    Execution Region ER_IROM1 (Exec base: 0x08000000, Load base: 0x08000000, Size: 0x00008484, Max: 0x00080000, ABSOLUTE)

    Exec Addr    Load Addr    Size         Type   Attr      Idx    E Section Name        Object

    0x08000000   0x08000000   0x000001ac   Data   RO            3    RESET               startup_stm32f429xx.o
    0x080001ac   0x080001ac   0x00000000   Code   RO         6957  * .ARM.Collect$$$$00000000  mc_w.l(entry.o)
    0x080001ac   0x080001ac   0x00000004   Code   RO         7035    .ARM.Collect$$$$00000001  mc_w.l(entry2.o)
    0x080001b0   0x080001b0   0x00000004   Code   RO         7038    .ARM.Collect$$$$00000004  mc_w.l(entry5.o)
    0x080001b4   0x080001b4   0x00000000   Code   RO         7040    .ARM.Collect$$$$00000008  mc_w.l(entry7b.o)
    0x080001b4   0x080001b4   0x00000000   Code   RO         7042    .ARM.Collect$$$$0000000A  mc_w.l(entry8b.o)
    0x080001b4   0x080001b4   0x00000008   Code   RO         7043    .ARM.Collect$$$$0000000B  mc_w.l(entry9a.o)
    0x080001bc   0x080001bc   0x00000004   Code   RO         7050    .ARM.Collect$$$$0000000E  mc_w.l(entry12b.o)
    0x080001c0   0x080001c0   0x00000000   Code   RO         7045    .ARM.Collect$$$$0000000F  mc_w.l(entry10a.o)
    0x080001c0   0x080001c0   0x00000000   Code   RO         7047    .ARM.Collect$$$$00000011  mc_w.l(entry11a.o)
    0x080001c0   0x080001c0   0x00000004   Code   RO         7036    .ARM.Collect$$$$00002712  mc_w.l(entry2.o)
    0x080001c4   0x080001c4   0x000000be   Code   RO         5064    .emb_text           port.o
    0x08000282   0x08000282   0x00000002   PAD
    0x08000284   0x08000284   0x00000024   Code   RO            4    .text               startup_stm32f429xx.o
    0x080002a8   0x080002a8   0x00000062   Code   RO         6960    .text               mc_w.l(uldiv.o)
    0x0800030a   0x0800030a   0x00000024   Code   RO         6962    .text               mc_w.l(memcpya.o)
    0x0800032e   0x0800032e   0x00000024   Code   RO         6966    .text               mc_w.l(memseta.o)
    0x08000352   0x08000352   0x0000014e   Code   RO         6970    .text               mf_w.l(dadd.o)
    0x080004a0   0x080004a0   0x000000e4   Code   RO         6972    .text               mf_w.l(dmul.o)
    0x08000584   0x08000584   0x000000de   Code   RO         6974    .text               mf_w.l(ddiv.o)
    0x08000662   0x08000662   0x00000022   Code   RO         6976    .text               mf_w.l(dflti.o)
    0x08000684   0x08000684   0x0000001a   Code   RO         6978    .text               mf_w.l(dfltui.o)
    0x0800069e   0x0800069e   0x0000003e   Code   RO         6980    .text               mf_w.l(dfixi.o)
    0x080006dc   0x080006dc   0x00000026   Code   RO         6982    .text               mf_w.l(f2d.o)
    0x08000702   0x08000702   0x00000038   Code   RO         6984    .text               mf_w.l(d2f.o)
    0x0800073a   0x0800073a   0x0000001e   Code   RO         7051    .text               mc_w.l(llshl.o)
    0x08000758   0x08000758   0x00000020   Code   RO         7053    .text               mc_w.l(llushr.o)
    0x08000778   0x08000778   0x00000024   Code   RO         7055    .text               mc_w.l(llsshr.o)
    0x0800079c   0x0800079c   0x00000000   Code   RO         7064    .text               mc_w.l(iusefp.o)
    0x0800079c   0x0800079c   0x0000006e   Code   RO         7065    .text               mf_w.l(fepilogue.o)
    0x0800080a   0x0800080a   0x000000ba   Code   RO         7067    .text               mf_w.l(depilogue.o)
    0x080008c4   0x080008c4   0x00000024   Code   RO         7079    .text               mc_w.l(init.o)
    0x080008e8   0x080008e8   0x0000005e   Code   RO         7089    .text               mc_w.l(__dclz77c.o)
    0x08000946   0x08000946   0x00000002   Code   RO          510    i.BusFault_Handler  stm32f4xx_it.o
    0x08000948   0x08000948   0x0000000c   Code   RO          511    i.CAN1_RX0_IRQHandler  stm32f4xx_it.o
    0x08000954   0x08000954   0x0000000c   Code   RO          512    i.CAN1_RX1_IRQHandler  stm32f4xx_it.o
    0x08000960   0x08000960   0x0000000c   Code   RO          513    i.CAN2_RX0_IRQHandler  stm32f4xx_it.o
    0x0800096c   0x0800096c   0x0000000c   Code   RO          514    i.CAN2_RX1_IRQHandler  stm32f4xx_it.o
    0x08000978   0x08000978   0x00000058   Code   RO         5144    i.CAN_Filter_Init   bsp_can.o
    0x080009d0   0x080009d0   0x00000034   Code   RO         5146    i.CAN_Send_Packet   bsp_can.o
    0x08000a04   0x08000a04   0x00000048   Code   RO         5251    i.CAN_cmd_chassis   c620.o
    0x08000a4c   0x08000a4c   0x0000005c   Code   RO         5253    i.CAN_cmd_shoot     c620.o
    0x08000aa8   0x08000aa8   0x0000001c   Code   RO         5903    i.DEG2R             user_lib.o
    0x08000ac4   0x08000ac4   0x0000000c   Code   RO          515    i.DMA1_Stream1_IRQHandler  stm32f4xx_it.o
    0x08000ad0   0x08000ad0   0x00000028   Code   RO         1436    i.DMA_CalcBaseAndBitshift  stm32f4xx_hal_dma.o
    0x08000af8   0x08000af8   0x00000054   Code   RO         1437    i.DMA_CheckFifoParam  stm32f4xx_hal_dma.o
    0x08000b4c   0x08000b4c   0x00000028   Code   RO         1438    i.DMA_SetConfig     stm32f4xx_hal_dma.o
    0x08000b74   0x08000b74   0x00000002   Code   RO          516    i.DebugMon_Handler  stm32f4xx_it.o
    0x08000b76   0x08000b76   0x00000004   Code   RO           13    i.Error_Handler     main.o
    0x08000b7a   0x08000b7a   0x00000024   Code   RO          692    i.HAL_CAN_ActivateNotification  stm32f4xx_hal_can.o
    0x08000b9e   0x08000b9e   0x000000d0   Code   RO          693    i.HAL_CAN_AddTxMessage  stm32f4xx_hal_can.o
    0x08000c6e   0x08000c6e   0x00000002   PAD
    0x08000c70   0x08000c70   0x0000010c   Code   RO          694    i.HAL_CAN_ConfigFilter  stm32f4xx_hal_can.o
    0x08000d7c   0x08000d7c   0x00000002   Code   RO          697    i.HAL_CAN_ErrorCallback  stm32f4xx_hal_can.o
    0x08000d7e   0x08000d7e   0x000000f4   Code   RO          700    i.HAL_CAN_GetRxMessage  stm32f4xx_hal_can.o
    0x08000e72   0x08000e72   0x0000002c   Code   RO          702    i.HAL_CAN_GetTxMailboxesFreeLevel  stm32f4xx_hal_can.o
    0x08000e9e   0x08000e9e   0x000001fc   Code   RO          704    i.HAL_CAN_IRQHandler  stm32f4xx_hal_can.o
    0x0800109a   0x0800109a   0x0000011a   Code   RO          705    i.HAL_CAN_Init      stm32f4xx_hal_can.o
    0x080011b4   0x080011b4   0x0000011c   Code   RO          326    i.HAL_CAN_MspInit   can.o
    0x080012d0   0x080012d0   0x00000002   Code   RO          712    i.HAL_CAN_RxFifo0FullCallback  stm32f4xx_hal_can.o
    0x080012d2   0x080012d2   0x00000002   PAD
    0x080012d4   0x080012d4   0x000000f0   Code   RO         5254    i.HAL_CAN_RxFifo0MsgPendingCallback  c620.o
    0x080013c4   0x080013c4   0x00000002   Code   RO          714    i.HAL_CAN_RxFifo1FullCallback  stm32f4xx_hal_can.o
    0x080013c6   0x080013c6   0x00000002   Code   RO          715    i.HAL_CAN_RxFifo1MsgPendingCallback  stm32f4xx_hal_can.o
    0x080013c8   0x080013c8   0x00000002   Code   RO          716    i.HAL_CAN_SleepCallback  stm32f4xx_hal_can.o
    0x080013ca   0x080013ca   0x00000002   PAD
    0x080013cc   0x080013cc   0x00000058   Code   RO          717    i.HAL_CAN_Start     stm32f4xx_hal_can.o
    0x08001424   0x08001424   0x00000002   Code   RO          719    i.HAL_CAN_TxMailbox0AbortCallback  stm32f4xx_hal_can.o
    0x08001426   0x08001426   0x00000002   Code   RO          720    i.HAL_CAN_TxMailbox0CompleteCallback  stm32f4xx_hal_can.o
    0x08001428   0x08001428   0x00000002   Code   RO          721    i.HAL_CAN_TxMailbox1AbortCallback  stm32f4xx_hal_can.o
    0x0800142a   0x0800142a   0x00000002   Code   RO          722    i.HAL_CAN_TxMailbox1CompleteCallback  stm32f4xx_hal_can.o
    0x0800142c   0x0800142c   0x00000002   Code   RO          723    i.HAL_CAN_TxMailbox2AbortCallback  stm32f4xx_hal_can.o
    0x0800142e   0x0800142e   0x00000002   Code   RO          724    i.HAL_CAN_TxMailbox2CompleteCallback  stm32f4xx_hal_can.o
    0x08001430   0x08001430   0x00000002   Code   RO          726    i.HAL_CAN_WakeUpFromRxMsgCallback  stm32f4xx_hal_can.o
    0x08001432   0x08001432   0x00000092   Code   RO         1439    i.HAL_DMA_Abort     stm32f4xx_hal_dma.o
    0x080014c4   0x080014c4   0x00000024   Code   RO         1440    i.HAL_DMA_Abort_IT  stm32f4xx_hal_dma.o
    0x080014e8   0x080014e8   0x000001a0   Code   RO         1444    i.HAL_DMA_IRQHandler  stm32f4xx_hal_dma.o
    0x08001688   0x08001688   0x000000d4   Code   RO         1445    i.HAL_DMA_Init      stm32f4xx_hal_dma.o
    0x0800175c   0x0800175c   0x00000046   Code   RO         1448    i.HAL_DMA_Start     stm32f4xx_hal_dma.o
    0x080017a2   0x080017a2   0x00000002   PAD
    0x080017a4   0x080017a4   0x00000024   Code   RO         1882    i.HAL_Delay         stm32f4xx_hal.o
    0x080017c8   0x080017c8   0x00000234   Code   RO         1332    i.HAL_GPIO_Init     stm32f4xx_hal_gpio.o
    0x080019fc   0x080019fc   0x0000000a   Code   RO         1334    i.HAL_GPIO_ReadPin  stm32f4xx_hal_gpio.o
    0x08001a06   0x08001a06   0x0000000a   Code   RO         1336    i.HAL_GPIO_WritePin  stm32f4xx_hal_gpio.o
    0x08001a10   0x08001a10   0x0000000c   Code   RO         1890    i.HAL_GetTick       stm32f4xx_hal.o
    0x08001a1c   0x08001a1c   0x00000010   Code   RO         1896    i.HAL_IncTick       stm32f4xx_hal.o
    0x08001a2c   0x08001a2c   0x00000034   Code   RO         1897    i.HAL_Init          stm32f4xx_hal.o
    0x08001a60   0x08001a60   0x00000098   Code   RO          652    i.HAL_InitTick      stm32f4xx_hal_timebase_tim.o
    0x08001af8   0x08001af8   0x00000038   Code   RO          628    i.HAL_MspInit       stm32f4xx_hal_msp.o
    0x08001b30   0x08001b30   0x0000001a   Code   RO         1740    i.HAL_NVIC_EnableIRQ  stm32f4xx_hal_cortex.o
    0x08001b4a   0x08001b4a   0x00000002   PAD
    0x08001b4c   0x08001b4c   0x00000040   Code   RO         1746    i.HAL_NVIC_SetPriority  stm32f4xx_hal_cortex.o
    0x08001b8c   0x08001b8c   0x00000024   Code   RO         1747    i.HAL_NVIC_SetPriorityGrouping  stm32f4xx_hal_cortex.o
    0x08001bb0   0x08001bb0   0x00000070   Code   RO         1668    i.HAL_PWREx_EnableOverDrive  stm32f4xx_hal_pwr_ex.o
    0x08001c20   0x08001c20   0x00000134   Code   RO          926    i.HAL_RCC_ClockConfig  stm32f4xx_hal_rcc.o
    0x08001d54   0x08001d54   0x00000040   Code   RO          930    i.HAL_RCC_GetClockConfig  stm32f4xx_hal_rcc.o
    0x08001d94   0x08001d94   0x00000020   Code   RO          933    i.HAL_RCC_GetPCLK1Freq  stm32f4xx_hal_rcc.o
    0x08001db4   0x08001db4   0x00000020   Code   RO          934    i.HAL_RCC_GetPCLK2Freq  stm32f4xx_hal_rcc.o
    0x08001dd4   0x08001dd4   0x00000060   Code   RO          935    i.HAL_RCC_GetSysClockFreq  stm32f4xx_hal_rcc.o
    0x08001e34   0x08001e34   0x0000036c   Code   RO          938    i.HAL_RCC_OscConfig  stm32f4xx_hal_rcc.o
    0x080021a0   0x080021a0   0x000000bc   Code   RO         2156    i.HAL_SPI_Init      stm32f4xx_hal_spi.o
    0x0800225c   0x0800225c   0x000000d0   Code   RO          399    i.HAL_SPI_MspInit   spi.o
    0x0800232c   0x0800232c   0x000001ee   Code   RO         2165    i.HAL_SPI_TransmitReceive  stm32f4xx_hal_spi.o
    0x0800251a   0x0800251a   0x00000002   Code   RO         3173    i.HAL_TIMEx_BreakCallback  stm32f4xx_hal_tim_ex.o
    0x0800251c   0x0800251c   0x00000002   Code   RO         3174    i.HAL_TIMEx_CommutCallback  stm32f4xx_hal_tim_ex.o
    0x0800251e   0x0800251e   0x0000005a   Code   RO         2469    i.HAL_TIM_Base_Init  stm32f4xx_hal_tim.o
    0x08002578   0x08002578   0x00000002   Code   RO         2471    i.HAL_TIM_Base_MspInit  stm32f4xx_hal_tim.o
    0x0800257a   0x0800257a   0x00000002   PAD
    0x0800257c   0x0800257c   0x00000080   Code   RO         2474    i.HAL_TIM_Base_Start_IT  stm32f4xx_hal_tim.o
    0x080025fc   0x080025fc   0x00000002   Code   RO         2503    i.HAL_TIM_IC_CaptureCallback  stm32f4xx_hal_tim.o
    0x080025fe   0x080025fe   0x00000130   Code   RO         2517    i.HAL_TIM_IRQHandler  stm32f4xx_hal_tim.o
    0x0800272e   0x0800272e   0x00000002   Code   RO         2520    i.HAL_TIM_OC_DelayElapsedCallback  stm32f4xx_hal_tim.o
    0x08002730   0x08002730   0x00000002   Code   RO         2547    i.HAL_TIM_PWM_PulseFinishedCallback  stm32f4xx_hal_tim.o
    0x08002732   0x08002732   0x00000002   PAD
    0x08002734   0x08002734   0x00000014   Code   RO           14    i.HAL_TIM_PeriodElapsedCallback  main.o
    0x08002748   0x08002748   0x00000002   Code   RO         2560    i.HAL_TIM_TriggerCallback  stm32f4xx_hal_tim.o
    0x0800274a   0x0800274a   0x00000002   Code   RO         3452    i.HAL_UARTEx_RxEventCallback  stm32f4xx_hal_uart.o
    0x0800274c   0x0800274c   0x00000002   Code   RO         3466    i.HAL_UART_ErrorCallback  stm32f4xx_hal_uart.o
    0x0800274e   0x0800274e   0x00000002   PAD
    0x08002750   0x08002750   0x00000270   Code   RO         3469    i.HAL_UART_IRQHandler  stm32f4xx_hal_uart.o
    0x080029c0   0x080029c0   0x00000064   Code   RO         3470    i.HAL_UART_Init     stm32f4xx_hal_uart.o
    0x08002a24   0x08002a24   0x00000208   Code   RO          447    i.HAL_UART_MspInit  usart.o
    0x08002c2c   0x08002c2c   0x0000001c   Code   RO         3475    i.HAL_UART_Receive_IT  stm32f4xx_hal_uart.o
    0x08002c48   0x08002c48   0x0000005c   Code   RO         5668    i.HAL_UART_RxCpltCallback  ops_receive.o
    0x08002ca4   0x08002ca4   0x000000a0   Code   RO         3478    i.HAL_UART_Transmit  stm32f4xx_hal_uart.o
    0x08002d44   0x08002d44   0x00000002   Code   RO         3481    i.HAL_UART_TxCpltCallback  stm32f4xx_hal_uart.o
    0x08002d46   0x08002d46   0x00000002   Code   RO          517    i.HardFault_Handler  stm32f4xx_it.o
    0x08002d48   0x08002d48   0x00000044   Code   RO          327    i.MX_CAN1_Init      can.o
    0x08002d8c   0x08002d8c   0x00000044   Code   RO          328    i.MX_CAN2_Init      can.o
    0x08002dd0   0x08002dd0   0x0000002c   Code   RO          374    i.MX_DMA_Init       dma.o
    0x08002dfc   0x08002dfc   0x00000164   Code   RO          272    i.MX_FREERTOS_Init  freertos.o
    0x08002f60   0x08002f60   0x00000130   Code   RO          248    i.MX_GPIO_Init      gpio.o
    0x08003090   0x08003090   0x00000048   Code   RO          400    i.MX_SPI1_Init      spi.o
    0x080030d8   0x080030d8   0x00000048   Code   RO          401    i.MX_SPI2_Init      spi.o
    0x08003120   0x08003120   0x00000038   Code   RO          448    i.MX_UART5_Init     usart.o
    0x08003158   0x08003158   0x00000038   Code   RO          449    i.MX_UART7_Init     usart.o
    0x08003190   0x08003190   0x00000038   Code   RO          450    i.MX_USART1_UART_Init  usart.o
    0x080031c8   0x080031c8   0x00000038   Code   RO          451    i.MX_USART3_UART_Init  usart.o
    0x08003200   0x08003200   0x00000002   Code   RO          518    i.MemManage_Handler  stm32f4xx_it.o
    0x08003202   0x08003202   0x00000002   Code   RO          519    i.NMI_Handler       stm32f4xx_it.o
    0x08003204   0x08003204   0x00000002   Code   RO         6079    i.NRF24L01CSDefault  nrf24l01function.o
    0x08003206   0x08003206   0x00000014   Code   RO         6080    i.NRF24L01ChipEnablef  nrf24l01function.o
    0x0800321a   0x0800321a   0x00000014   Code   RO         6081    i.NRF24L01ChipSelectf  nrf24l01function.o
    0x0800322e   0x0800322e   0x0000000a   Code   RO         6082    i.NRF24L01GetIRQf   nrf24l01function.o
    0x08003238   0x08003238   0x000000d0   Code   RO         6083    i.NRF24L01Initialization  nrf24l01function.o
    0x08003308   0x08003308   0x00000040   Code   RO         6084    i.NRF24L01ReadBuffer  nrf24l01function.o
    0x08003348   0x08003348   0x0000002a   Code   RO         6085    i.NRF24L01ReadRegigster  nrf24l01function.o
    0x08003372   0x08003372   0x00000024   Code   RO         6086    i.NRF24L01ReadWrite  nrf24l01function.o
    0x08003396   0x08003396   0x00000002   PAD
    0x08003398   0x08003398   0x0000004c   Code   RO         6087    i.NRF24L01ReceivePacket  nrf24l01function.o
    0x080033e4   0x080033e4   0x0000003e   Code   RO         6089    i.NRF24L01WriteBuffer  nrf24l01function.o
    0x08003422   0x08003422   0x0000002c   Code   RO         6090    i.NRF24L01WriteRegister  nrf24l01function.o
    0x0800344e   0x0800344e   0x00000002   PAD
    0x08003450   0x08003450   0x0000006c   Code   RO         2194    i.SPI_EndRxTxTransaction  stm32f4xx_hal_spi.o
    0x080034bc   0x080034bc   0x000000b8   Code   RO         2199    i.SPI_WaitFlagStateUntilTimeout  stm32f4xx_hal_spi.o
    0x08003574   0x08003574   0x00000110   Code   RO         6091    i.SetNRF24L01Mode   nrf24l01function.o
    0x08003684   0x08003684   0x00000018   Code   RO         5540    i.Set_TX_Param      can_odrive.o
    0x0800369c   0x0800369c   0x00000008   Code   RO          273    i.StartDefaultTask  freertos.o
    0x080036a4   0x080036a4   0x0000001e   Code   RO         5669    i.Stract            ops_receive.o
    0x080036c2   0x080036c2   0x00000002   PAD
    0x080036c4   0x080036c4   0x0000002c   Code   RO         5065    i.SysTick_Handler   port.o
    0x080036f0   0x080036f0   0x000000a0   Code   RO           15    i.SystemClock_Config  main.o
    0x08003790   0x08003790   0x00000010   Code   RO         3804    i.SystemInit        system_stm32f4xx.o
    0x080037a0   0x080037a0   0x0000000c   Code   RO          520    i.TIM7_IRQHandler   stm32f4xx_it.o
    0x080037ac   0x080037ac   0x000000d8   Code   RO         2562    i.TIM_Base_SetConfig  stm32f4xx_hal_tim.o
    0x08003884   0x08003884   0x0000000c   Code   RO          521    i.UART5_IRQHandler  stm32f4xx_it.o
    0x08003890   0x08003890   0x0000000c   Code   RO          522    i.UART7_IRQHandler  stm32f4xx_it.o
    0x0800389c   0x0800389c   0x00000010   Code   RO         3483    i.UART_DMAAbortOnError  stm32f4xx_hal_uart.o
    0x080038ac   0x080038ac   0x0000004e   Code   RO         3493    i.UART_EndRxTransfer  stm32f4xx_hal_uart.o
    0x080038fa   0x080038fa   0x000000c2   Code   RO         3495    i.UART_Receive_IT   stm32f4xx_hal_uart.o
    0x080039bc   0x080039bc   0x0000010c   Code   RO         3496    i.UART_SetConfig    stm32f4xx_hal_uart.o
    0x08003ac8   0x08003ac8   0x00000036   Code   RO         3498    i.UART_Start_Receive_IT  stm32f4xx_hal_uart.o
    0x08003afe   0x08003afe   0x00000072   Code   RO         3499    i.UART_WaitOnFlagUntilTimeout  stm32f4xx_hal_uart.o
    0x08003b70   0x08003b70   0x0000000c   Code   RO          523    i.USART1_IRQHandler  stm32f4xx_it.o
    0x08003b7c   0x08003b7c   0x00000018   Code   RO          524    i.USART3_IRQHandler  stm32f4xx_it.o
    0x08003b94   0x08003b94   0x00000048   Code   RO         5671    i.Update_X          ops_receive.o
    0x08003bdc   0x08003bdc   0x00000048   Code   RO         5672    i.Update_Y          ops_receive.o
    0x08003c24   0x08003c24   0x00000002   Code   RO          525    i.UsageFault_Handler  stm32f4xx_it.o
    0x08003c26   0x08003c26   0x00000030   Code   RO         7075    i.__ARM_fpclassify  m_wm.l(fpclassify.o)
    0x08003c56   0x08003c56   0x00000020   Code   RO         1753    i.__NVIC_SetPriority  stm32f4xx_hal_cortex.o
    0x08003c76   0x08003c76   0x00000002   PAD
    0x08003c78   0x08003c78   0x000000c8   Code   RO         6921    i.__hardfp_cos      m_wm.l(cos.o)
    0x08003d40   0x08003d40   0x000000c8   Code   RO         6933    i.__hardfp_sin      m_wm.l(sin.o)
    0x08003e08   0x08003e08   0x00000438   Code   RO         7024    i.__ieee754_rem_pio2  m_wm.l(rred.o)
    0x08004240   0x08004240   0x00000170   Code   RO         7000    i.__kernel_cos      m_wm.l(cos_i.o)
    0x080043b0   0x080043b0   0x000000f8   Code   RO         7077    i.__kernel_poly     m_wm.l(poly.o)
    0x080044a8   0x080044a8   0x00000130   Code   RO         7029    i.__kernel_sin      m_wm.l(sin_i.o)
    0x080045d8   0x080045d8   0x00000014   Code   RO         7004    i.__mathlib_dbl_infnan  m_wm.l(dunder.o)
    0x080045ec   0x080045ec   0x00000004   PAD
    0x080045f0   0x080045f0   0x00000020   Code   RO         7006    i.__mathlib_dbl_invalid  m_wm.l(dunder.o)
    0x08004610   0x08004610   0x00000020   Code   RO         7009    i.__mathlib_dbl_underflow  m_wm.l(dunder.o)
    0x08004630   0x08004630   0x0000000e   Code   RO         7083    i.__scatterload_copy  mc_w.l(handlers.o)
    0x0800463e   0x0800463e   0x00000002   Code   RO         7084    i.__scatterload_null  mc_w.l(handlers.o)
    0x08004640   0x08004640   0x0000000e   Code   RO         7085    i.__scatterload_zeroinit  mc_w.l(handlers.o)
    0x0800464e   0x0800464e   0x00000002   PAD
    0x08004650   0x08004650   0x0000000c   Code   RO         7059    i.__set_errno       mc_w.l(errno.o)
    0x0800465c   0x0800465c   0x00000428   Code   RO         6440    i.chassis_auto_control  chassis_task.o
    0x08004a84   0x08004a84   0x00000084   Code   RO         6441    i.chassis_auto_position  chassis_task.o
    0x08004b08   0x08004b08   0x000000c2   Code   RO         6442    i.chassis_control_loop  chassis_task.o
    0x08004bca   0x08004bca   0x00000002   PAD
    0x08004bcc   0x08004bcc   0x00000298   Code   RO         6443    i.chassis_init      chassis_task.o
    0x08004e64   0x08004e64   0x000002ec   Code   RO         6444    i.chassis_manual_control  chassis_task.o
    0x08005150   0x08005150   0x00000088   Code   RO         6711    i.chassis_run       motor_task.o
    0x080051d8   0x080051d8   0x000001b0   Code   RO         6445    i.chassis_set_contorl  chassis_task.o
    0x08005388   0x08005388   0x00000104   Code   RO         6446    i.chassis_set_terminal  chassis_task.o
    0x0800548c   0x0800548c   0x00000070   Code   RO         6447    i.chassis_task      chassis_task.o
    0x080054fc   0x080054fc   0x000000f0   Code   RO         6448    i.chassis_zone2_adjust  chassis_task.o
    0x080055ec   0x080055ec   0x000000d4   Code   RO         5469    i.ctrl_motor        can_damiao.o
    0x080056c0   0x080056c0   0x0000004c   Code   RO         5471    i.ctrl_motor_in     can_damiao.o
    0x0800570c   0x0800570c   0x0000004c   Code   RO         5473    i.ctrl_motor_zero   can_damiao.o
    0x08005758   0x08005758   0x00000054   Code   RO         5191    i.dbus_uart_init    bsp_rc.o
    0x080057ac   0x080057ac   0x00000140   Code   RO         6030    i.dt35_data_parsing  dt35.o
    0x080058ec   0x080058ec   0x00000006   Code   RO         6031    i.dt35_read         dt35.o
    0x080058f2   0x080058f2   0x00000002   PAD
    0x080058f4   0x080058f4   0x00000038   Code   RO         6032    i.dt35_send         dt35.o
    0x0800592c   0x0800592c   0x00000018   Code   RO         7019    i.fabs              m_wm.l(fabs.o)
    0x08005944   0x08005944   0x0000004e   Code   RO         5907    i.first_order_filter_cali  user_lib.o
    0x08005992   0x08005992   0x00000012   Code   RO         5908    i.first_order_filter_init  user_lib.o
    0x080059a4   0x080059a4   0x00000028   Code   RO         5474    i.float_to_uint     can_damiao.o
    0x080059cc   0x080059cc   0x00000054   Code   RO         6520    i.get_left          plant_task.o
    0x08005a20   0x08005a20   0x00000008   Code   RO         5193    i.get_remote_control_point  bsp_rc.o
    0x08005a28   0x08005a28   0x00000058   Code   RO         6521    i.get_right         plant_task.o
    0x08005a80   0x08005a80   0x00000040   Code   RO         6522    i.get_single        plant_task.o
    0x08005ac0   0x08005ac0   0x0000004c   Code   RO         5255    i.get_total_angle   c620.o
    0x08005b0c   0x08005b0c   0x00000074   Code   RO         5673    i.get_total_yaw     ops_receive.o
    0x08005b80   0x08005b80   0x00000054   Code   RO           16    i.main              main.o
    0x08005bd4   0x08005bd4   0x0000000c   Code   RO         4630    i.makeFreeRtosPriority  cmsis_os.o
    0x08005be0   0x08005be0   0x00000030   Code   RO         6712    i.motor_task        motor_task.o
    0x08005c10   0x08005c10   0x00000050   Code   RO         5867    i.move_servo_lsc    servo.o
    0x08005c60   0x08005c60   0x0000004c   Code   RO         5552    i.odrv_Set_Input_Vel  can_odrive.o
    0x08005cac   0x08005cac   0x000000bc   Code   RO         5556    i.odrv_get_axis_status  can_odrive.o
    0x08005d68   0x08005d68   0x000000a4   Code   RO         5674    i.ops_data_analyse  ops_receive.o
    0x08005e0c   0x08005e0c   0x0000000e   Code   RO         4632    i.osDelay           cmsis_os.o
    0x08005e1a   0x08005e1a   0x0000000a   Code   RO         4635    i.osKernelStart     cmsis_os.o
    0x08005e24   0x08005e24   0x00000026   Code   RO         4644    i.osMessageCreate   cmsis_os.o
    0x08005e4a   0x08005e4a   0x0000003e   Code   RO         4661    i.osSemaphoreCreate  cmsis_os.o
    0x08005e88   0x08005e88   0x00000054   Code   RO         4669    i.osThreadCreate    cmsis_os.o
    0x08005edc   0x08005edc   0x0000014c   Code   RO         6770    i.path_flow_positon  path.o
    0x08006028   0x08006028   0x000001c0   Code   RO         5413    i.pid_calculate     pid.o
    0x080061e8   0x080061e8   0x0000001c   Code   RO         5414    i.pid_init          pid.o
    0x08006204   0x08006204   0x00000024   Code   RO         5415    i.pid_param_init    pid.o
    0x08006228   0x08006228   0x00000008   Code   RO         5416    i.pid_reset         pid.o
    0x08006230   0x08006230   0x0000013c   Code   RO         6523    i.plant_control_loop  plant_task.o
    0x0800636c   0x0800636c   0x000000c4   Code   RO         6524    i.plant_init        plant_task.o
    0x08006430   0x08006430   0x0000009a   Code   RO         6525    i.plant_key_handle  plant_task.o
    0x080064ca   0x080064ca   0x00000002   PAD
    0x080064cc   0x080064cc   0x00000078   Code   RO         6526    i.plant_task        plant_task.o
    0x08006544   0x08006544   0x00000070   Code   RO         4306    i.prvAddCurrentTaskToDelayedList  tasks.o
    0x080065b4   0x080065b4   0x000000d0   Code   RO         4307    i.prvAddNewTaskToReadyList  tasks.o
    0x08006684   0x08006684   0x00000026   Code   RO         3982    i.prvCopyDataFromQueue  queue.o
    0x080066aa   0x080066aa   0x0000006c   Code   RO         3983    i.prvCopyDataToQueue  queue.o
    0x08006716   0x08006716   0x00000034   Code   RO         4308    i.prvDeleteTCB      tasks.o
    0x0800674a   0x0800674a   0x00000002   PAD
    0x0800674c   0x0800674c   0x0000004c   Code   RO         4997    i.prvHeapInit       heap_4.o
    0x08006798   0x08006798   0x00000060   Code   RO         4309    i.prvIdleTask       tasks.o
    0x080067f8   0x080067f8   0x00000016   Code   RO         3985    i.prvInitialiseNewQueue  queue.o
    0x0800680e   0x0800680e   0x00000002   PAD
    0x08006810   0x08006810   0x000000b0   Code   RO         4310    i.prvInitialiseNewTask  tasks.o
    0x080068c0   0x080068c0   0x0000004c   Code   RO         4998    i.prvInsertBlockIntoFreeList  heap_4.o
    0x0800690c   0x0800690c   0x0000001c   Code   RO         3986    i.prvIsQueueEmpty   queue.o
    0x08006928   0x08006928   0x00000020   Code   RO         4311    i.prvResetNextTaskUnblockTime  tasks.o
    0x08006948   0x08006948   0x00000028   Code   RO         5066    i.prvTaskExitError  port.o
    0x08006970   0x08006970   0x0000006a   Code   RO         3987    i.prvUnlockQueue    queue.o
    0x080069da   0x080069da   0x00000002   PAD
    0x080069dc   0x080069dc   0x0000003c   Code   RO         6527    i.put_center_left   plant_task.o
    0x08006a18   0x08006a18   0x0000003c   Code   RO         6528    i.put_center_left_red  plant_task.o
    0x08006a54   0x08006a54   0x00000040   Code   RO         6529    i.put_center_right  plant_task.o
    0x08006a94   0x08006a94   0x00000040   Code   RO         6530    i.put_center_right_red  plant_task.o
    0x08006ad4   0x08006ad4   0x00000048   Code   RO         6531    i.put_sides_left    plant_task.o
    0x08006b1c   0x08006b1c   0x00000048   Code   RO         6532    i.put_sides_left_red  plant_task.o
    0x08006b64   0x08006b64   0x0000004c   Code   RO         6533    i.put_sides_right   plant_task.o
    0x08006bb0   0x08006bb0   0x0000004c   Code   RO         6534    i.put_sides_right_red  plant_task.o
    0x08006bfc   0x08006bfc   0x00000040   Code   RO         6535    i.put_single        plant_task.o
    0x08006c3c   0x08006c3c   0x000000dc   Code   RO         4999    i.pvPortMalloc      heap_4.o
    0x08006d18   0x08006d18   0x0000002c   Code   RO         5067    i.pxPortInitialiseStack  port.o
    0x08006d44   0x08006d44   0x000000ae   Code   RO         5194    i.rc_callback_handler  bsp_rc.o
    0x08006df2   0x08006df2   0x00000002   PAD
    0x08006df4   0x08006df4   0x000000e4   Code   RO         6872    i.remote_task       remote_task.o
    0x08006ed8   0x08006ed8   0x000000b8   Code   RO         6393    i.robot_task        robot_task.o
    0x08006f90   0x08006f90   0x00000008   Code   RO         5868    i.servo_init_lsc    servo.o
    0x08006f98   0x08006f98   0x00000084   Code   RO         6713    i.shoot_cmd         motor_task.o
    0x0800701c   0x0800701c   0x00000260   Code   RO         6640    i.shoot_control_loop  shoot_task.o
    0x0800727c   0x0800727c   0x00000184   Code   RO         6641    i.shoot_init        shoot_task.o
    0x08007400   0x08007400   0x0000008c   Code   RO         6642    i.shoot_set_terminal  shoot_task.o
    0x0800748c   0x0800748c   0x00000020   Code   RO         6643    i.shoot_task        shoot_task.o
    0x080074ac   0x080074ac   0x00000020   Code   RO         6644    i.shoot_turn        shoot_task.o
    0x080074cc   0x080074cc   0x00000084   Code   RO         6645    i.shoot_vel         shoot_task.o
    0x08007550   0x08007550   0x00000060   Code   RO         5195    i.uart_receive_handler  bsp_rc.o
    0x080075b0   0x080075b0   0x00000014   Code   RO         6033    i.usart_init        dt35.o
    0x080075c4   0x080075c4   0x00000026   Code   RO         3942    i.uxListRemove      list.o
    0x080075ea   0x080075ea   0x00000002   PAD
    0x080075ec   0x080075ec   0x00000020   Code   RO         4317    i.uxTaskGetStackHighWaterMark  tasks.o
    0x0800760c   0x0800760c   0x00000014   Code   RO          274    i.vApplicationGetIdleTaskMemory  freertos.o
    0x08007620   0x08007620   0x00000016   Code   RO         3943    i.vListInitialise   list.o
    0x08007636   0x08007636   0x00000006   Code   RO         3944    i.vListInitialiseItem  list.o
    0x0800763c   0x0800763c   0x00000030   Code   RO         3945    i.vListInsert       list.o
    0x0800766c   0x0800766c   0x00000018   Code   RO         3946    i.vListInsertEnd    list.o
    0x08007684   0x08007684   0x00000040   Code   RO         5069    i.vPortEnterCritical  port.o
    0x080076c4   0x080076c4   0x00000028   Code   RO         5070    i.vPortExitCritical  port.o
    0x080076ec   0x080076ec   0x00000064   Code   RO         5000    i.vPortFree         heap_4.o
    0x08007750   0x08007750   0x00000024   Code   RO         5071    i.vPortSetupTimerInterrupt  port.o
    0x08007774   0x08007774   0x0000004c   Code   RO         4321    i.vTaskDelay        tasks.o
    0x080077c0   0x080077c0   0x00000010   Code   RO         4324    i.vTaskInternalSetTimeOutState  tasks.o
    0x080077d0   0x080077d0   0x0000000c   Code   RO         4325    i.vTaskMissedYield  tasks.o
    0x080077dc   0x080077dc   0x00000030   Code   RO         4327    i.vTaskPlaceOnEventList  tasks.o
    0x0800780c   0x0800780c   0x0000006c   Code   RO         4334    i.vTaskStartScheduler  tasks.o
    0x08007878   0x08007878   0x00000010   Code   RO         4336    i.vTaskSuspendAll   tasks.o
    0x08007888   0x08007888   0x0000005c   Code   RO         4337    i.vTaskSwitchContext  tasks.o
    0x080078e4   0x080078e4   0x000000f4   Code   RO         5073    i.xPortStartScheduler  port.o
    0x080079d8   0x080079d8   0x00000042   Code   RO         3996    i.xQueueGenericCreate  queue.o
    0x08007a1a   0x08007a1a   0x00000066   Code   RO         3997    i.xQueueGenericCreateStatic  queue.o
    0x08007a80   0x08007a80   0x00000088   Code   RO         3998    i.xQueueGenericReset  queue.o
    0x08007b08   0x08007b08   0x00000160   Code   RO         3999    i.xQueueGenericSend  queue.o
    0x08007c68   0x08007c68   0x00000138   Code   RO         4006    i.xQueueReceive     queue.o
    0x08007da0   0x08007da0   0x00000074   Code   RO         4339    i.xTaskCheckForTimeOut  tasks.o
    0x08007e14   0x08007e14   0x0000005a   Code   RO         4340    i.xTaskCreate       tasks.o
    0x08007e6e   0x08007e6e   0x00000056   Code   RO         4341    i.xTaskCreateStatic  tasks.o
    0x08007ec4   0x08007ec4   0x0000001c   Code   RO         4345    i.xTaskGetSchedulerState  tasks.o
    0x08007ee0   0x08007ee0   0x000000cc   Code   RO         4348    i.xTaskIncrementTick  tasks.o
    0x08007fac   0x08007fac   0x00000098   Code   RO         4351    i.xTaskPriorityDisinherit  tasks.o
    0x08008044   0x08008044   0x00000074   Code   RO         4353    i.xTaskRemoveFromEventList  tasks.o
    0x080080b8   0x080080b8   0x000000c4   Code   RO         4354    i.xTaskResumeAll    tasks.o
    0x0800817c   0x0800817c   0x00000124   Data   RO          276    .constdata          freertos.o
    0x080082a0   0x080082a0   0x00000008   Data   RO         1451    .constdata          stm32f4xx_hal_dma.o
    0x080082a8   0x080082a8   0x00000010   Data   RO         3805    .constdata          system_stm32f4xx.o
    0x080082b8   0x080082b8   0x00000008   Data   RO         3806    .constdata          system_stm32f4xx.o
    0x080082c0   0x080082c0   0x00000018   Data   RO         5677    .constdata          ops_receive.o
    0x080082d8   0x080082d8   0x0000000a   Data   RO         6092    .constdata          nrf24l01function.o
    0x080082e2   0x080082e2   0x00000002   PAD
    0x080082e4   0x080082e4   0x00000008   Data   RO         6450    .constdata          chassis_task.o
    0x080082ec   0x080082ec   0x00000004   PAD
    0x080082f0   0x080082f0   0x00000030   Data   RO         7001    .constdata          m_wm.l(cos_i.o)
    0x08008320   0x08008320   0x000000c8   Data   RO         7026    .constdata          m_wm.l(rred.o)
    0x080083e8   0x080083e8   0x00000028   Data   RO         7030    .constdata          m_wm.l(sin_i.o)
    0x08008410   0x08008410   0x00000052   Data   RO          277    .conststring        freertos.o
    0x08008462   0x08008462   0x00000002   PAD
    0x08008464   0x08008464   0x00000020   Data   RO         7081    Region$$Table       anon$$obj.o


    Execution Region RW_IRAM2 (Exec base: 0x10000000, Load base: 0x080087fc, Size: 0x00000000, Max: 0x00010000, ABSOLUTE)

    **** No section assigned to this execution region ****


    Execution Region RW_IRAM1 (Exec base: 0x20000000, Load base: 0x08008484, Size: 0x00005ac8, Max: 0x00030000, ABSOLUTE, COMPRESSED[0x00000378])

    Exec Addr    Load Addr    Size         Type   Attr      Idx    E Section Name        Object

    0x20000000   COMPRESSED   0x0000003c   Data   RW          278    .data               freertos.o
    0x2000003c   COMPRESSED   0x00000004   Data   RW          330    .data               can.o
    0x20000040   COMPRESSED   0x0000000c   Data   RW         1904    .data               stm32f4xx_hal.o
    0x2000004c   COMPRESSED   0x00000004   Data   RW         3807    .data               system_stm32f4xx.o
    0x20000050   COMPRESSED   0x0000003c   Data   RW         4357    .data               tasks.o
    0x2000008c   COMPRESSED   0x00000020   Data   RW         5006    .data               heap_4.o
    0x200000ac   COMPRESSED   0x0000000c   Data   RW         5074    .data               port.o
    0x200000b8   COMPRESSED   0x0000000c   Data   RW         5257    .data               c620.o
    0x200000c4   COMPRESSED   0x00000008   Data   RW         5477    .data               can_damiao.o
    0x200000cc   COMPRESSED   0x00000014   Data   RW         5678    .data               ops_receive.o
    0x200000e0   COMPRESSED   0x00000008   Data   RW         6035    .data               dt35.o
    0x200000e8   COMPRESSED   0x00000001   Data   RW         6093    .data               nrf24l01function.o
    0x200000e9   COMPRESSED   0x00000003   PAD
    0x200000ec   COMPRESSED   0x00000008   Data   RW         6394    .data               robot_task.o
    0x200000f4   COMPRESSED   0x0000003c   Data   RW         6451    .data               chassis_task.o
    0x20000130   COMPRESSED   0x0000000c   Data   RW         6537    .data               plant_task.o
    0x2000013c   COMPRESSED   0x0000000c   Data   RW         6647    .data               shoot_task.o
    0x20000148   COMPRESSED   0x00000040   Data   RW         6771    .data               path.o
    0x20000188   COMPRESSED   0x00000040   Data   RW         6772    .data               path.o
    0x200001c8   COMPRESSED   0x00000030   Data   RW         6773    .data               path.o
    0x200001f8   COMPRESSED   0x00000030   Data   RW         6774    .data               path.o
    0x20000228   COMPRESSED   0x00000030   Data   RW         6775    .data               path.o
    0x20000258   COMPRESSED   0x00000030   Data   RW         6776    .data               path.o
    0x20000288   COMPRESSED   0x00000020   Data   RW         6777    .data               path.o
    0x200002a8   COMPRESSED   0x00000040   Data   RW         6778    .data               path.o
    0x200002e8   COMPRESSED   0x00000020   Data   RW         6779    .data               path.o
    0x20000308   COMPRESSED   0x00000030   Data   RW         6780    .data               path.o
    0x20000338   COMPRESSED   0x00000030   Data   RW         6781    .data               path.o
    0x20000368   COMPRESSED   0x00000030   Data   RW         6782    .data               path.o
    0x20000398   COMPRESSED   0x00000040   Data   RW         6783    .data               path.o
    0x200003d8   COMPRESSED   0x00000020   Data   RW         6784    .data               path.o
    0x200003f8   COMPRESSED   0x00000020   Data   RW         6785    .data               path.o
    0x20000418   COMPRESSED   0x00000020   Data   RW         6786    .data               path.o
    0x20000438   COMPRESSED   0x00000020   Data   RW         6787    .data               path.o
    0x20000458   COMPRESSED   0x00000020   Data   RW         6788    .data               path.o
    0x20000478   COMPRESSED   0x00000020   Data   RW         6789    .data               path.o
    0x20000498   COMPRESSED   0x00000020   Data   RW         6790    .data               path.o
    0x200004b8   COMPRESSED   0x00000020   Data   RW         6791    .data               path.o
    0x200004d8   COMPRESSED   0x00000020   Data   RW         6792    .data               path.o
    0x200004f8   COMPRESSED   0x00000020   Data   RW         6793    .data               path.o
    0x20000518   COMPRESSED   0x00000020   Data   RW         6794    .data               path.o
    0x20000538   COMPRESSED   0x00000020   Data   RW         6795    .data               path.o
    0x20000558   COMPRESSED   0x00000010   Data   RW         6796    .data               path.o
    0x20000568   COMPRESSED   0x00000010   Data   RW         6797    .data               path.o
    0x20000578   COMPRESSED   0x00000010   Data   RW         6798    .data               path.o
    0x20000588   COMPRESSED   0x00000010   Data   RW         6799    .data               path.o
    0x20000598   COMPRESSED   0x00000010   Data   RW         6800    .data               path.o
    0x200005a8   COMPRESSED   0x00000010   Data   RW         6801    .data               path.o
    0x200005b8   COMPRESSED   0x00000020   Data   RW         6802    .data               path.o
    0x200005d8   COMPRESSED   0x00000020   Data   RW         6803    .data               path.o
    0x200005f8   COMPRESSED   0x00000020   Data   RW         6804    .data               path.o
    0x20000618   COMPRESSED   0x00000020   Data   RW         6805    .data               path.o
    0x20000638   COMPRESSED   0x00000020   Data   RW         6806    .data               path.o
    0x20000658   COMPRESSED   0x00000020   Data   RW         6807    .data               path.o
    0x20000678   COMPRESSED   0x00000040   Data   RW         6808    .data               path.o
    0x200006b8   COMPRESSED   0x00000040   Data   RW         6809    .data               path.o
    0x200006f8   COMPRESSED   0x00000030   Data   RW         6810    .data               path.o
    0x20000728   COMPRESSED   0x00000030   Data   RW         6811    .data               path.o
    0x20000758   COMPRESSED   0x00000030   Data   RW         6812    .data               path.o
    0x20000788   COMPRESSED   0x00000030   Data   RW         6813    .data               path.o
    0x200007b8   COMPRESSED   0x00000020   Data   RW         6814    .data               path.o
    0x200007d8   COMPRESSED   0x00000040   Data   RW         6815    .data               path.o
    0x20000818   COMPRESSED   0x00000020   Data   RW         6816    .data               path.o
    0x20000838   COMPRESSED   0x00000030   Data   RW         6817    .data               path.o
    0x20000868   COMPRESSED   0x00000030   Data   RW         6818    .data               path.o
    0x20000898   COMPRESSED   0x00000030   Data   RW         6819    .data               path.o
    0x200008c8   COMPRESSED   0x00000040   Data   RW         6820    .data               path.o
    0x20000908   COMPRESSED   0x00000020   Data   RW         6821    .data               path.o
    0x20000928   COMPRESSED   0x00000020   Data   RW         6822    .data               path.o
    0x20000948   COMPRESSED   0x00000020   Data   RW         6823    .data               path.o
    0x20000968   COMPRESSED   0x00000020   Data   RW         6824    .data               path.o
    0x20000988   COMPRESSED   0x00000020   Data   RW         6825    .data               path.o
    0x200009a8   COMPRESSED   0x00000020   Data   RW         6826    .data               path.o
    0x200009c8   COMPRESSED   0x00000020   Data   RW         6827    .data               path.o
    0x200009e8   COMPRESSED   0x00000020   Data   RW         6828    .data               path.o
    0x20000a08   COMPRESSED   0x00000020   Data   RW         6829    .data               path.o
    0x20000a28   COMPRESSED   0x00000020   Data   RW         6830    .data               path.o
    0x20000a48   COMPRESSED   0x00000020   Data   RW         6831    .data               path.o
    0x20000a68   COMPRESSED   0x00000020   Data   RW         6832    .data               path.o
    0x20000a88   COMPRESSED   0x00000010   Data   RW         6833    .data               path.o
    0x20000a98   COMPRESSED   0x00000010   Data   RW         6834    .data               path.o
    0x20000aa8   COMPRESSED   0x00000010   Data   RW         6835    .data               path.o
    0x20000ab8   COMPRESSED   0x00000010   Data   RW         6836    .data               path.o
    0x20000ac8   COMPRESSED   0x00000010   Data   RW         6837    .data               path.o
    0x20000ad8   COMPRESSED   0x00000010   Data   RW         6838    .data               path.o
    0x20000ae8   COMPRESSED   0x00000020   Data   RW         6839    .data               path.o
    0x20000b08   COMPRESSED   0x00000020   Data   RW         6840    .data               path.o
    0x20000b28   COMPRESSED   0x00000020   Data   RW         6841    .data               path.o
    0x20000b48   COMPRESSED   0x00000020   Data   RW         6842    .data               path.o
    0x20000b68   COMPRESSED   0x00000020   Data   RW         6843    .data               path.o
    0x20000b88   COMPRESSED   0x00000020   Data   RW         6844    .data               path.o
    0x20000ba8   COMPRESSED   0x0000003c   Data   RW         6874    .data               remote_task.o
    0x20000be4   COMPRESSED   0x00000004   Data   RW         7060    .data               mc_w.l(errno.o)
    0x20000be8        -       0x00000254   Zero   RW          275    .bss                freertos.o
    0x20000e3c        -       0x00000050   Zero   RW          329    .bss                can.o
    0x20000e8c        -       0x000000b0   Zero   RW          402    .bss                spi.o
    0x20000f3c        -       0x00000180   Zero   RW          452    .bss                usart.o
    0x200010bc        -       0x00000048   Zero   RW          655    .bss                stm32f4xx_hal_timebase_tim.o
    0x20001104        -       0x000000f0   Zero   RW         4356    .bss                tasks.o
    0x200011f4        -       0x00003c00   Zero   RW         5005    .bss                heap_4.o
    0x20004df4        -       0x00000018   Zero   RW         5147    .bss                bsp_can.o
    0x20004e0c        -       0x00000024   Zero   RW         5196    .bss                bsp_rc.o
    0x20004e30        -       0x00000098   Zero   RW         5256    .bss                c620.o
    0x20004ec8        -       0x00000018   Zero   RW         5476    .bss                can_damiao.o
    0x20004ee0        -       0x00000054   Zero   RW         5557    .bss                can_odrive.o
    0x20004f34        -       0x00000018   Zero   RW         5676    .bss                ops_receive.o
    0x20004f4c        -       0x0000000a   Zero   RW         5869    .bss                servo.o
    0x20004f56   COMPRESSED   0x00000002   PAD
    0x20004f58        -       0x0000005c   Zero   RW         6034    .bss                dt35.o
    0x20004fb4        -       0x00000410   Zero   RW         6449    .bss                chassis_task.o
    0x200053c4        -       0x00000044   Zero   RW         6536    .bss                plant_task.o
    0x20005408        -       0x00000220   Zero   RW         6646    .bss                shoot_task.o
    0x20005628        -       0x000000a0   Zero   RW         6873    .bss                remote_task.o
    0x200056c8        -       0x00000400   Zero   RW            1    STACK               startup_stm32f429xx.o


==============================================================================

Image component sizes


      Code (inc. data)   RO Data    RW Data    ZI Data      Debug   Object Name

       140         14          0          0         24       2559   bsp_can.o
       362         24          0          0         36       4510   bsp_rc.o
       480         52          0         12        152     631145   c620.o
       420         44          0          4         80       2550   can.o
       404         56          0          8         24       4564   can_damiao.o
       288         18          0          0         84       4879   can_odrive.o
      3846        592          8         60       1040      24802   chassis_task.o
       220          0          0          0          0      24907   cmsis_os.o
        44          4          0          0          0        798   dma.o
       402         62          0          8         92       3386   dt35.o
         0          0          0          0          0      20000   event_groups.o
       384         18        374         60        596       8455   freertos.o
       304         22          0          0          0       1115   gpio.o
       472         24          0         32      15360       7499   heap_4.o
       138          0          0          0          0       3618   list.o
       268         24          0          0          0     809708   main.o
       316         26          0          0          0       2560   motor_task.o
       856         30         10          1          0      11768   nrf24l01function.o
       546         78         24         20         24     648100   ops_receive.o
       332         12          0       2656          0       6370   path.o
       520         36          0          0          0       4295   pid.o
      1630        112          0         12         68      12246   plant_task.o
       702         72          0         12          0      11124   port.o
      1270         14          0          0          0      15039   queue.o
       228         40          0         60        160       4603   remote_task.o
       184         30          0          8          0       7167   robot_task.o
        88          8          0          0         10       2350   servo.o
      1332        188          0         12        544       9893   shoot_task.o
       352         44          0          0        176       2478   spi.o
        36          8        428          0       1024        848   startup_stm32f429xx.o
       116         18          0         12          0       8950   stm32f4xx_hal.o
      1702          6          0          0          0      15305   stm32f4xx_hal_can.o
       158         14          0          0          0      33094   stm32f4xx_hal_cortex.o
      1044         16          8          0          0       7291   stm32f4xx_hal_dma.o
       584         54          0          0          0       2915   stm32f4xx_hal_gpio.o
        56          4          0          0          0        890   stm32f4xx_hal_msp.o
       112         14          0          0          0       1312   stm32f4xx_hal_pwr_ex.o
      1408         82          0          0          0       5981   stm32f4xx_hal_rcc.o
       974         14          0          0          0       5057   stm32f4xx_hal_spi.o
       748         74          0          0          0       7624   stm32f4xx_hal_tim.o
         4          0          0          0          0       1665   stm32f4xx_hal_tim_ex.o
       152         20          0          0         72       1515   stm32f4xx_hal_timebase_tim.o
      1642         16          0          0          0      11612   stm32f4xx_hal_uart.o
       144         60          0          0          0       7719   stm32f4xx_it.o
         0          0          0          0          0        392   stream_buffer.o
        16          4         24          4          0       1163   system_stm32f4xx.o
      2064        154          0         60        240      26260   tasks.o
       744         80          0          0        384       4140   usart.o
       124         10          0          0          0       2720   user_lib.o

    ----------------------------------------------------------------------
     28398       2292        916       3044      20192    2438941   Object Totals
         0          0         32          0          0          0   (incl. Generated)
        42          0          8          3          2          0   (incl. Padding)

    ----------------------------------------------------------------------

      Code (inc. data)   RO Data    RW Data    ZI Data      Debug   Library Member Name

       200         20          0          0          0        164   cos.o
       368         46         48          0          0        200   cos_i.o
        84         16          0          0          0        372   dunder.o
        24          0          0          0          0        124   fabs.o
        48          0          0          0          0        124   fpclassify.o
       248          0          0          0          0        152   poly.o
      1080        142        200          0          0        188   rred.o
       200         20          0          0          0        164   sin.o
       304         24         40          0          0        208   sin_i.o
        94          0          0          0          0          0   __dclz77c.o
         0          0          0          0          0          0   entry.o
         0          0          0          0          0          0   entry10a.o
         0          0          0          0          0          0   entry11a.o
         4          0          0          0          0          0   entry12b.o
         8          4          0          0          0          0   entry2.o
         4          0          0          0          0          0   entry5.o
         0          0          0          0          0          0   entry7b.o
         0          0          0          0          0          0   entry8b.o
         8          4          0          0          0          0   entry9a.o
        12          6          0          4          0         68   errno.o
        30          0          0          0          0          0   handlers.o
        36          8          0          0          0         68   init.o
         0          0          0          0          0          0   iusefp.o
        30          0          0          0          0         68   llshl.o
        36          0          0          0          0         68   llsshr.o
        32          0          0          0          0         68   llushr.o
        36          0          0          0          0         68   memcpya.o
        36          0          0          0          0        108   memseta.o
        98          0          0          0          0         92   uldiv.o
        56          0          0          0          0         88   d2f.o
       334          0          0          0          0        148   dadd.o
       222          0          0          0          0        100   ddiv.o
       186          0          0          0          0        176   depilogue.o
        62          0          0          0          0         80   dfixi.o
        34          0          0          0          0         76   dflti.o
        26          0          0          0          0         76   dfltui.o
       228          0          0          0          0         96   dmul.o
        38          0          0          0          0         68   f2d.o
       110          0          0          0          0        168   fepilogue.o

    ----------------------------------------------------------------------
      4322        290        288          4          0       3380   Library Totals
         6          0          0          0          0          0   (incl. Padding)

    ----------------------------------------------------------------------

      Code (inc. data)   RO Data    RW Data    ZI Data      Debug   Library Name

      2556        268        288          0          0       1696   m_wm.l
       464         22          0          4          0        608   mc_w.l
      1296          0          0          0          0       1076   mf_w.l

    ----------------------------------------------------------------------
      4322        290        288          4          0       3380   Library Totals

    ----------------------------------------------------------------------

==============================================================================


      Code (inc. data)   RO Data    RW Data    ZI Data      Debug   

     32720       2582       1204       3048      20192    2417025   Grand Totals
     32720       2582       1204        888      20192    2417025   ELF Image Totals (compressed)
     32720       2582       1204        888          0          0   ROM Totals

==============================================================================

    Total RO  Size (Code + RO Data)                33924 (  33.13kB)
    Total RW  Size (RW Data + ZI Data)             23240 (  22.70kB)
    Total ROM Size (Code + RO Data + RW Data)      34812 (  34.00kB)

==============================================================================

